 
[TEST455] CPU self-test PASS: 8 frozen TEST454 entities; generation-free assay

Warning: You are sending unauthenticated requests to the HF Hub. Please set a HF_TOKEN to enable higher rate limits and faster downloads.
WARNING:huggingface_hub.utils._http:Warning: You are sending unauthenticated requests to the HF Hub. Please set a HF_TOKEN to enable higher rate limits and faster downloads.

config.json: 100%

 663/663 [00:00<00:00, 84.0kB/s]
tokenizer_config.json: 100%

 7.30k/7.30k [00:00<00:00, 978kB/s]
vocab.json: 100%

 2.78M/2.78M [00:00<00:00, 83.2MB/s]
merges.txt: 100%

 1.67M/1.67M [00:00<00:00, 64.9MB/s]
tokenizer.json: 100%

 7.03M/7.03M [00:00<00:00, 137MB/s]
model.safetensors.index.json: 100%

 27.8k/27.8k [00:00<00:00, 3.39MB/s]
Download complete: : 

 13.1GB,  368MB/s  
Reconstruction complete: 100%

 15.2GB / 15.2GB,  459MB/s  
Fetching 4 files: 100%

 4/4 [00:42<00:00,  8.13s/it]
Loading weights: 100%

 339/339 [00:03<00:00, 99.98it/s]
generation_config.json: 100%

 243/243 [00:00<00:00, 33.9kB/s]
[TEST455] building TEST452 codebook ...
[01/08] e0 PRESERVED   Kpar=0.56454 Vpar=0.03280
[02/08] e1 DESTRUCTIVE Kpar=0.63566 Vpar=0.06451
[03/08] e2 RESCUE      Kpar=0.61135 Vpar=0.05474
[04/08] e3 DESTRUCTIVE Kpar=0.60313 Vpar=0.05015
[05/08] e4 PRESERVED   Kpar=0.61587 Vpar=0.04660
[06/08] e5 UNREADABLE  Kpar=0.57490 Vpar=0.02815
[07/08] e6 PRESERVED   Kpar=0.61501 Vpar=0.05134
[08/08] e7 UNREADABLE  Kpar=0.59507 Vpar=0.04796
========================================================================================================
layer | Vpar DES   PRE    Δ(D-P) | Kpar DES   PRE    Δ(D-P)
00    | 0.01167  0.00888 +0.00279 | 0.99840  0.99840 -0.00001
01    | 0.02914  0.01412 +0.01501 | 0.98560  0.98235 +0.00326
02    | 0.04273  0.02569 +0.01704 | 0.86352  0.85118 +0.01234
03    | 0.01040  0.00536 +0.00504 | 0.95178  0.94923 +0.00255
04    | 0.15035  0.12516 +0.02519 | 0.38087  0.36935 +0.01152
05    | 0.13547  0.08098 +0.05450 | 0.46192  0.43719 +0.02473
06    | 0.06527  0.03910 +0.02617 | 0.70712  0.67810 +0.02902
07    | 0.01363  0.00974 +0.00389 | 0.61615  0.58058 +0.03557
08    | 0.11732  0.09196 +0.02536 | 0.41166  0.38620 +0.02546
09    | 0.01468  0.01436 +0.00032 | 0.55019  0.52459 +0.02560
10    | 0.06712  0.06442 +0.00270 | 0.62243  0.59873 +0.02370
11    | 0.11231  0.10060 +0.01170 | 0.47683  0.46408 +0.01275
12    | 0.09250  0.07069 +0.02182 | 0.57289  0.55674 +0.01614
13    | 0.03531  0.04062 -0.00530 | 0.86892  0.85628 +0.01264
14    | 0.13423  0.13459 -0.00035 | 0.36532  0.36372 +0.00159
15    | 0.12776  0.09768 +0.03008 | 0.61165  0.61114 +0.00051
16    | 0.08766  0.05903 +0.02863 | 0.58935  0.57203 +0.01732
17    | 0.05974  0.03084 +0.02890 | 0.50127  0.47064 +0.03064
18    | 0.04544  0.02125 +0.02419 | 0.67831  0.61868 +0.05963
19    | 0.06909  0.05353 +0.01555 | 0.85614  0.83784 +0.01831
20    | 0.05443  0.04191 +0.01252 | 0.46231  0.41433 +0.04798
21    | 0.04597  0.04070 +0.00527 | 0.55116  0.51491 +0.03625
22    | 0.02290  0.01595 +0.00694 | 0.41991  0.40276 +0.01714
23    | 0.01407  0.00735 +0.00672 | 0.43980  0.40803 +0.03177
24    | 0.01759  0.01217 +0.00543 | 0.49555  0.46434 +0.03120
25    | 0.01267  0.00569 +0.00698 | 0.50128  0.46785 +0.03343
26    | 0.00931  0.00409 +0.00522 | 0.40368  0.37885 +0.02483
27    | 0.00651  0.00373 +0.00278 | 0.99916  0.99913 +0.00003
--------------------------------------------------------------------------------------------------------
V Δ>0: 26/28 | K Δ>0: 27/28
TOP V: [(5, 0.0545), (15, 0.03008), (17, 0.0289), (16, 0.02863), (6, 0.02617), (8, 0.02536), (4, 0.02519), (18, 0.02419)]
TOP K: [(18, 0.05963), (20, 0.04798), (21, 0.03625), (7, 0.03557), (25, 0.03343), (23, 0.03177), (24, 0.0312), (17, 0.03064)]
generations: 0 | frozen_weights_ok: True | minutes: 0.0
========================================================================================================
TEST455 VERDICT: V_PARALLEL_ENRICHMENT_CANDIDATE  results=/content/test455_results.json


Scope: exploratory geometry assay on the same TEST454 panel; no intervention, no causal or generalization claim.
