 
================================================================================================================================================= 
TEST591 — AKBASCORE MAM · STAGE-7 READOUT INSTABILITY X-RAY
=================================================================================================================================================
GPU: NVIDIA A100-SXM4-40GB TORCH: 2.11.0+cu130 TRANSFORMERS: 5.18.0

[1/15] MODEL / PINNED BASELINE
MODEL_REUSED: NO — LOADING PINNED BASELINE

Warning: You are sending unauthenticated requests to the HF Hub. Please set a HF_TOKEN to enable higher rate limits and faster downloads.
WARNING:huggingface_hub.utils._http:Warning: You are sending unauthenticated requests to the HF Hub. Please set a HF_TOKEN to enable higher rate limits and faster downloads.

config.json: 100%

 1.52k/1.52k [00:00<00:00, 164kB/s]
model.safetensors.index.json: 100%

 480k/480k [00:00<00:00, 46.6MB/s]
Download complete: 

 27.4GB, 1.09GB/s  
Reconstruction complete: 100%

 31.4GB / 31.4GB,  478MB/s  
Fetching 4 files: 100%

 4/4 [01:26<00:00, 86.51s/it]
Loading weights: 100%

 351/351 [00:07<00:00, 42.17it/s]
generation_config.json: 100%

 181/181 [00:00<00:00, 23.9kB/s]
tokenizer_config.json: 100%

 1.28k/1.28k [00:00<00:00, 177kB/s]
tokenizer.json: 100%

 4.61M/4.61M [00:00<00:00, 52.3MB/s]
GATE MODEL_FROZEN PASS
PARAMETERS: 15706484224 TRAINABLE: 0

[2/15] CANONICAL PANEL
GATE PANEL_LOCK PASS
PREFIX_TOKENS: 31 BODY_LENGTHS: [24, 24, 24, 23, 23, 23, 23, 23] CUT: 3

[3/15] MLA ROTARY TRANSPORT

[4/15] EIGHT INDEPENDENT WRITES
GATE WRITE_INDEPENDENT PASS
WRITE_LENGTHS: [55, 55, 55, 54, 54, 54, 54, 54]

[5/15] INIT — TEST588 ENGINE

[6/15] APPEND — TEST588 ENGINE

[7/15] TWO ORDERS / EIGHT STAGES
ORDER (0, 1, 2, 3, 4, 5, 6, 7) LENGTHS [55, 79, 103, 126, 149, 172, 195, 218] INIT_DELTA 0.0 APPEND_CALLS [1, 1, 1, 1, 1, 1, 1] PRESERVED [True, True, True, True, True, True, True]
ORDER (7, 6, 5, 4, 3, 2, 1, 0) LENGTHS [54, 77, 100, 123, 146, 170, 194, 218] INIT_DELTA 0.0 APPEND_CALLS [1, 1, 1, 1, 1, 1, 1] PRESERVED [True, True, True, True, True, True, True]
GATE INIT_EXACT_BOTH PASS
GATE APPEND_PRESERVED_ALL PASS

[8/15] JOINT REFERENCES

[9/15] GREEDY / COMPLETED BEAM READOUT
BEAM_WIDTH: 4 BEAM_STEPS: 48 COMPLETED_ONLY: YES GOLD_INJECTION: NO

[10/15] FROZEN STAGE-6/7/8 TARGETED READOUT
ORDER (0, 1, 2, 3, 4, 5, 6, 7) STAGE 6 STATION ZENTRA-865 EXPECTED HV-2064 GREEDY 'The access code for the fictional station ZENTRA-865 is HV-2064.' SELECTED 'HV-2064' EXACT True
  RANK 1 LOGP -0.040412 EOS True CODE 'HV-2064' GOLD_MATCH True TEXT 'The access code for the fictional station ZENTRA-865 is HV-2064.'
  RANK 2 LOGP -3.550351 EOS True CODE 'HV-2064' GOLD_MATCH True TEXT 'HV-2064'
  RANK 3 LOGP -6.044071 EOS True CODE 'BM-7391' GOLD_MATCH False TEXT 'BM-7391'
  RANK 4 LOGP -6.403816 EOS True CODE 'HV-2064' GOLD_MATCH True TEXT 'Access code for ZENTRA-865: HV-2064'
ORDER (0, 1, 2, 3, 4, 5, 6, 7) STAGE 6 STATION TALVEX-583 EXPECTED RP-6402 GREEDY 'The access code for the fictional station TALVEX-583 is RP-6402.' SELECTED 'RP-6402' EXACT True
  RANK 1 LOGP -0.059196 EOS True CODE 'RP-6402' GOLD_MATCH True TEXT 'The access code for the fictional station TALVEX-583 is RP-6402.'
  RANK 2 LOGP -3.055861 EOS True CODE 'RP-6402' GOLD_MATCH True TEXT 'RP-6402'
  RANK 3 LOGP -6.337447 EOS True CODE 'RP-6402' GOLD_MATCH True TEXT 'The access code for TALVEX-583 is RP-6402.'
  RANK 4 LOGP -6.813172 EOS True CODE 'RX-6402' GOLD_MATCH False TEXT 'RX-6402'
ORDER (0, 1, 2, 3, 4, 5, 6, 7) STAGE 6 STATION MIREX-204 EXPECTED KT-9173 GREEDY 'The access code for the fictional station MIREX-204 is KT-9173.' SELECTED 'KT-9173' EXACT True
  RANK 1 LOGP -0.086193 EOS True CODE 'KT-9173' GOLD_MATCH True TEXT 'The access code for the fictional station MIREX-204 is KT-9173.'
  RANK 2 LOGP -2.58564 EOS True CODE 'KT-9173' GOLD_MATCH True TEXT 'KT-9173'
  RANK 3 LOGP -6.944004 EOS True CODE 'KM-9173' GOLD_MATCH False TEXT 'KM-9173'
  RANK 4 LOGP -7.52043 EOS True CODE 'KT-9173' GOLD_MATCH True TEXT 'Access code for the fictional station MIREX-204 is KT-9173.'
ORDER (0, 1, 2, 3, 4, 5, 6, 7) STAGE 7 STATION ZENTRA-865 EXPECTED HV-2064 GREEDY 'The access code for the fictional station ZENTRA-865 is RP-6402.' SELECTED 'RP-6402' EXACT False
  RANK 1 LOGP -0.284534 EOS True CODE 'RP-6402' GOLD_MATCH False TEXT 'The access code for the fictional station ZENTRA-865 is RP-6402.'
  RANK 2 LOGP -2.283738 EOS True CODE 'HV-2064' GOLD_MATCH True TEXT 'The access code for the fictional station ZENTRA-865 is HV-2064.'
  RANK 3 LOGP -3.050778 EOS True CODE 'HV-2064' GOLD_MATCH True TEXT 'The access code for the fictional station ZENTRA-865 is: HV-2064.'
  RANK 4 LOGP -3.549758 EOS True CODE 'HV-2064' GOLD_MATCH True TEXT 'The access code for the fictional station ZENTRA-865 is: HV-2064'
ORDER (0, 1, 2, 3, 4, 5, 6, 7) STAGE 7 STATION TALVEX-583 EXPECTED RP-6402 GREEDY 'The access code for the fictional station TALVEX-583 is RP-6402.' SELECTED 'RP-6402' EXACT True
  RANK 1 LOGP -0.330078 EOS True CODE 'RP-6402' GOLD_MATCH True TEXT 'The access code for the fictional station TALVEX-583 is RP-6402.'
  RANK 2 LOGP -1.322553 EOS True CODE 'RP-6402' GOLD_MATCH True TEXT 'RP-6402'
  RANK 3 LOGP -5.597674 EOS True CODE 'RP-6402' GOLD_MATCH True TEXT 'The access code for TALVEX-583 is RP-6402.'
  RANK 4 LOGP -6.579113 EOS True CODE 'RX-6402' GOLD_MATCH False TEXT 'RX-6402'
ORDER (0, 1, 2, 3, 4, 5, 6, 7) STAGE 7 STATION LUMEX-392 EXPECTED FS-5817 GREEDY 'FS-5817' SELECTED 'FS-5817' EXACT True
  RANK 1 LOGP -0.395354 EOS True CODE 'FS-5817' GOLD_MATCH True TEXT 'FS-5817'
  RANK 2 LOGP -1.152654 EOS True CODE 'FS-5817' GOLD_MATCH True TEXT 'The access code for the fictional station LUMEX-392 is FS-5817.'
  RANK 3 LOGP -5.895849 EOS True CODE 'FS-5817' GOLD_MATCH True TEXT 'FS-5817.'
  RANK 4 LOGP -5.917173 EOS True CODE 'FS-5817' GOLD_MATCH True TEXT 'The access code for LUMEX-392 is FS-5817.'
ORDER (0, 1, 2, 3, 4, 5, 6, 7) STAGE 7 STATION MIREX-204 EXPECTED KT-9173 GREEDY 'The access code for the fictional station MIREX-204 is KT-9173.' SELECTED 'KT-9173' EXACT True
  RANK 1 LOGP -0.094662 EOS True CODE 'KT-9173' GOLD_MATCH True TEXT 'The access code for the fictional station MIREX-204 is KT-9173.'
  RANK 2 LOGP -2.58998 EOS True CODE 'KT-9173' GOLD_MATCH True TEXT 'KT-9173'
  RANK 3 LOGP -6.310346 EOS True CODE 'KT-9173' GOLD_MATCH True TEXT 'MIREX-204 access code: KT-9173'
  RANK 4 LOGP -6.455499 EOS True CODE 'KT-9173' GOLD_MATCH True TEXT 'MIREX-204: KT-9173'
ORDER (0, 1, 2, 3, 4, 5, 6, 7) STAGE 8 STATION ZENTRA-865 EXPECTED HV-2064 GREEDY 'The access code for the fictional station ZENTRA-865 is HV-2064.' SELECTED 'HV-2064' EXACT True
  RANK 1 LOGP -0.059736 EOS True CODE 'HV-2064' GOLD_MATCH True TEXT 'The access code for the fictional station ZENTRA-865 is HV-2064.'
  RANK 2 LOGP -4.277763 EOS True CODE 'HV-2064' GOLD_MATCH True TEXT 'HV-2064'
  RANK 3 LOGP -4.446802 EOS True CODE 'HV-2064' GOLD_MATCH True TEXT 'The access code for the fictional station ZENTRA-865 is: HV-2064.'
  RANK 4 LOGP -5.195646 EOS True CODE 'HV-2064' GOLD_MATCH True TEXT 'The access code for the fictional station ZENTRA-865 is: HV-2064'
ORDER (0, 1, 2, 3, 4, 5, 6, 7) STAGE 8 STATION TALVEX-583 EXPECTED RP-6402 GREEDY 'The access code for the fictional station TALVEX-583 is RP-6402.' SELECTED 'RP-6402' EXACT True
  RANK 1 LOGP -0.081884 EOS True CODE 'RP-6402' GOLD_MATCH True TEXT 'The access code for the fictional station TALVEX-583 is RP-6402.'
  RANK 2 LOGP -2.824344 EOS True CODE 'RP-6402' GOLD_MATCH True TEXT 'RP-6402'
  RANK 3 LOGP -5.599425 EOS True CODE 'RP-6402' GOLD_MATCH True TEXT 'The access code for TALVEX-583 is RP-6402.'
  RANK 4 LOGP -7.464641 EOS True CODE 'RP-6402' GOLD_MATCH True TEXT 'The access code for the fictional station TALVEX-583 is RP-6402. (RP-6402)'
ORDER (0, 1, 2, 3, 4, 5, 6, 7) STAGE 8 STATION LUMEX-392 EXPECTED FS-5817 GREEDY 'The access code for the fictional station LUMEX-392 is FS-5817.' SELECTED 'FS-5817' EXACT True
  RANK 1 LOGP -0.040659 EOS True CODE 'FS-5817' GOLD_MATCH True TEXT 'The access code for the fictional station LUMEX-392 is FS-5817.'
  RANK 2 LOGP -4.281036 EOS True CODE 'WC-9432' GOLD_MATCH False TEXT 'WC-9432'
  RANK 3 LOGP -5.541768 EOS True CODE 'HV-2064' GOLD_MATCH False TEXT 'The access code for the fictional station LUMEX-392 is HV-2064.'
  RANK 4 LOGP -5.893458 EOS True CODE 'FS-5817' GOLD_MATCH True TEXT 'The access code for the fictional station LUMEX-392 is: FS-5817.'
ORDER (0, 1, 2, 3, 4, 5, 6, 7) STAGE 8 STATION MIREX-204 EXPECTED KT-9173 GREEDY 'The access code for the fictional station MIREX-204 is KT-9173.' SELECTED 'KT-9173' EXACT True
  RANK 1 LOGP -0.137564 EOS True CODE 'KT-9173' GOLD_MATCH True TEXT 'The access code for the fictional station MIREX-204 is KT-9173.'
  RANK 2 LOGP -2.133302 EOS True CODE 'KT-9173' GOLD_MATCH True TEXT 'KT-9173'
  RANK 3 LOGP -7.167111 EOS True CODE 'KM-9173' GOLD_MATCH False TEXT 'KM-9173'
  RANK 4 LOGP -7.895451 EOS True CODE 'KT-9173' GOLD_MATCH True TEXT 'The access code for the fictional station MIREX-204 is KT-9173. (End)'
ORDER (7, 6, 5, 4, 3, 2, 1, 0) STAGE 6 STATION ZENTRA-865 EXPECTED HV-2064 GREEDY 'The access code for the fictional station ZENTRA-865 is HV-2064.' SELECTED 'HV-2064' EXACT True
  RANK 1 LOGP -0.007848 EOS True CODE 'HV-2064' GOLD_MATCH True TEXT 'The access code for the fictional station ZENTRA-865 is HV-2064.'
  RANK 2 LOGP -6.008148 EOS True CODE 'HV-2064' GOLD_MATCH True TEXT 'HV-2064'
  RANK 3 LOGP -6.269482 EOS True CODE 'HV-2064' GOLD_MATCH True TEXT 'The access code for ZENTRA-865 is HV-2064.'
  RANK 4 LOGP -6.953215 EOS True CODE 'HV-2064' GOLD_MATCH True TEXT 'Access code for ZENTRA-865: HV-2064'
ORDER (7, 6, 5, 4, 3, 2, 1, 0) STAGE 6 STATION TALVEX-583 EXPECTED RP-6402 GREEDY 'The access code for the fictional station TALVEX-583 is RP-6402.' SELECTED 'RP-6402' EXACT True
  RANK 1 LOGP -0.008328 EOS True CODE 'RP-6402' GOLD_MATCH True TEXT 'The access code for the fictional station TALVEX-583 is RP-6402.'
  RANK 2 LOGP -6.008938 EOS True CODE 'RP-6402' GOLD_MATCH True TEXT 'RP-6402'
  RANK 3 LOGP -6.761061 EOS True CODE 'BM-7391' GOLD_MATCH False TEXT 'BM-7391'
  RANK 4 LOGP -7.289569 EOS True CODE 'RP-6402' GOLD_MATCH True TEXT 'The access code for TALVEX-583 is RP-6402.'
ORDER (7, 6, 5, 4, 3, 2, 1, 0) STAGE 6 STATION LUMEX-392 EXPECTED FS-5817 GREEDY 'The access code for the fictional station LUMEX-392 is FS-5817.' SELECTED 'FS-5817' EXACT True
  RANK 1 LOGP -0.256973 EOS True CODE 'FS-5817' GOLD_MATCH True TEXT 'The access code for the fictional station LUMEX-392 is FS-5817.'
  RANK 2 LOGP -1.50561 EOS True CODE 'FS-5817' GOLD_MATCH True TEXT 'FS-5817'
  RANK 3 LOGP -7.519623 EOS True CODE 'FS-5817' GOLD_MATCH True TEXT 'The access code for LUMEX-392 is FS-5817.'
  RANK 4 LOGP -8.657006 EOS True CODE 'FS-5817' GOLD_MATCH True TEXT 'LUMEX-392: FS-5817'
ORDER (7, 6, 5, 4, 3, 2, 1, 0) STAGE 7 STATION ZENTRA-865 EXPECTED HV-2064 GREEDY 'The access code for the fictional station ZENTRA-865 is HV-2064.' SELECTED 'HV-2064' EXACT True
  RANK 1 LOGP -0.035475 EOS True CODE 'HV-2064' GOLD_MATCH True TEXT 'The access code for the fictional station ZENTRA-865 is HV-2064.'
  RANK 2 LOGP -4.277837 EOS True CODE 'HV-2064' GOLD_MATCH True TEXT 'HV-2064'
  RANK 3 LOGP -4.546372 EOS True CODE 'HV-2064' GOLD_MATCH True TEXT 'The access code for ZENTRA-865 is HV-2064.'
  RANK 4 LOGP -5.959622 EOS True CODE 'HV-2064' GOLD_MATCH True TEXT 'Access code for ZENTRA-865: HV-2064'
ORDER (7, 6, 5, 4, 3, 2, 1, 0) STAGE 7 STATION TALVEX-583 EXPECTED RP-6402 GREEDY 'The access code for the fictional station TALVEX-583 is RP-6402.' SELECTED 'RP-6402' EXACT True
  RANK 1 LOGP -0.068492 EOS True CODE 'RP-6402' GOLD_MATCH True TEXT 'The access code for the fictional station TALVEX-583 is RP-6402.'
  RANK 2 LOGP -3.062389 EOS True CODE 'RP-6402' GOLD_MATCH True TEXT 'RP-6402'
  RANK 3 LOGP -5.640115 EOS True CODE 'RP-6402' GOLD_MATCH True TEXT 'Access code for TALVEX-583: RP-6402'
  RANK 4 LOGP -5.842425 EOS True CODE 'RP-6402' GOLD_MATCH True TEXT 'The access code for TALVEX-583 is RP-6402.'
ORDER (7, 6, 5, 4, 3, 2, 1, 0) STAGE 7 STATION LUMEX-392 EXPECTED FS-5817 GREEDY 'The access code for the fictional station LUMEX-392 is FS-5817.' SELECTED 'FS-5817' EXACT True
  RANK 1 LOGP -0.484977 EOS True CODE 'FS-5817' GOLD_MATCH True TEXT 'The access code for the fictional station LUMEX-392 is FS-5817.'
  RANK 2 LOGP -0.979364 EOS True CODE 'FS-5817' GOLD_MATCH True TEXT 'FS-5817'
  RANK 3 LOGP -5.996985 EOS True CODE 'FS-5817' GOLD_MATCH True TEXT 'The access code for LUMEX-392 is FS-5817.'
  RANK 4 LOGP -6.98715 EOS True CODE 'FS-5817' GOLD_MATCH True TEXT 'The access code for fictional station LUMEX-392 is FS-5817.'
ORDER (7, 6, 5, 4, 3, 2, 1, 0) STAGE 7 STATION MIREX-204 EXPECTED KT-9173 GREEDY 'The access code for the fictional station MIREX-204 is KT-9173.' SELECTED 'KT-9173' EXACT True
  RANK 1 LOGP -0.17995 EOS True CODE 'KT-9173' GOLD_MATCH True TEXT 'The access code for the fictional station MIREX-204 is KT-9173.'
  RANK 2 LOGP -1.91864 EOS True CODE 'KT-9173' GOLD_MATCH True TEXT 'KT-9173'
  RANK 3 LOGP -4.931766 EOS True CODE 'KT-9173' GOLD_MATCH True TEXT 'The access code for fictional station MIREX-204 is KT-9173.'
  RANK 4 LOGP -6.723395 EOS True CODE 'KT-9173' GOLD_MATCH True TEXT 'Access code for the fictional station MIREX-204 is KT-9173.'
ORDER (7, 6, 5, 4, 3, 2, 1, 0) STAGE 8 STATION ZENTRA-865 EXPECTED HV-2064 GREEDY 'The access code for the fictional station ZENTRA-865 is HV-2064.' SELECTED 'HV-2064' EXACT True
  RANK 1 LOGP -0.069932 EOS True CODE 'HV-2064' GOLD_MATCH True TEXT 'The access code for the fictional station ZENTRA-865 is HV-2064.'
  RANK 2 LOGP -3.300369 EOS True CODE 'HV-2064' GOLD_MATCH True TEXT 'HV-2064'
  RANK 3 LOGP -4.078803 EOS True CODE 'HV-2064' GOLD_MATCH True TEXT 'The access code for ZENTRA-865 is HV-2064.'
  RANK 4 LOGP -5.471026 EOS True CODE 'HV-2064' GOLD_MATCH True TEXT 'Access code for ZENTRA-865: HV-2064'
ORDER (7, 6, 5, 4, 3, 2, 1, 0) STAGE 8 STATION TALVEX-583 EXPECTED RP-6402 GREEDY 'The access code for the fictional station TALVEX-583 is RP-6402.' SELECTED 'RP-6402' EXACT True
  RANK 1 LOGP -0.045838 EOS True CODE 'RP-6402' GOLD_MATCH True TEXT 'The access code for the fictional station TALVEX-583 is RP-6402.'
  RANK 2 LOGP -3.78753 EOS True CODE 'RP-6402' GOLD_MATCH True TEXT 'RP-6402'
  RANK 3 LOGP -5.576634 EOS True CODE 'RP-6402' GOLD_MATCH True TEXT 'The access code for TALVEX-583 is RP-6402.'
  RANK 4 LOGP -5.650449 EOS True CODE 'RP-6402' GOLD_MATCH True TEXT 'Access code for TALVEX-583: RP-6402'
ORDER (7, 6, 5, 4, 3, 2, 1, 0) STAGE 8 STATION LUMEX-392 EXPECTED FS-5817 GREEDY 'FS-5817' SELECTED 'FS-5817' EXACT True
  RANK 1 LOGP -0.579147 EOS True CODE 'FS-5817' GOLD_MATCH True TEXT 'FS-5817'
  RANK 2 LOGP -0.840591 EOS True CODE 'FS-5817' GOLD_MATCH True TEXT 'The access code for the fictional station LUMEX-392 is FS-5817.'
  RANK 3 LOGP -5.851236 EOS True CODE 'FS-5817' GOLD_MATCH True TEXT 'The access code for LUMEX-392 is FS-5817.'
  RANK 4 LOGP -6.342296 EOS True CODE 'FS-5817' GOLD_MATCH True TEXT 'The access code for fictional station LUMEX-392 is FS-5817.'
ORDER (7, 6, 5, 4, 3, 2, 1, 0) STAGE 8 STATION MIREX-204 EXPECTED KT-9173 GREEDY 'The access code for the fictional station MIREX-204 is KT-9173.' SELECTED 'KT-9173' EXACT True
  RANK 1 LOGP -0.054168 EOS True CODE 'KT-9173' GOLD_MATCH True TEXT 'The access code for the fictional station MIREX-204 is KT-9173.'
  RANK 2 LOGP -3.300201 EOS True CODE 'KT-9173' GOLD_MATCH True TEXT 'KT-9173'
  RANK 3 LOGP -6.134079 EOS True CODE 'KT-9173' GOLD_MATCH True TEXT 'Access code for the fictional station MIREX-204 is KT-9173.'
  RANK 4 LOGP -6.185042 EOS True CODE 'KT-9173' GOLD_MATCH True TEXT 'Access code for MIREX-204: KT-9173'

[11/15] TARGETED JOINT / APPEND / FIRST CONTROLS
ORDER (0, 1, 2, 3, 4, 5, 6, 7) ARM joint STATION ZENTRA-865 EXPECTED HV-2064 GREEDY 'HV-2064' SELECTED 'HV-2064' EXACT True
  RANK 1 LOGP -0.608038 EOS True CODE 'HV-2064' GOLD_MATCH True TEXT 'HV-2064'
  RANK 2 LOGP -0.878206 EOS True CODE 'HV-2064' GOLD_MATCH True TEXT 'The access code for the fictional station ZENTRA-865 is HV-2064.'
  RANK 3 LOGP -4.298599 EOS True CODE 'HV-2064' GOLD_MATCH True TEXT 'ZENTRA-865: HV-2064'
  RANK 4 LOGP -4.889855 EOS True CODE 'HV-2064' GOLD_MATCH True TEXT 'The access code for ZENTRA-865 is HV-2064.'
ORDER (0, 1, 2, 3, 4, 5, 6, 7) ARM joint STATION MIREX-204 EXPECTED KT-9173 GREEDY 'KT-9173' SELECTED 'KT-9173' EXACT True
  RANK 1 LOGP -0.081561 EOS True CODE 'KT-9173' GOLD_MATCH True TEXT 'KT-9173'
  RANK 2 LOGP -2.853218 EOS True CODE 'KT-9173' GOLD_MATCH True TEXT 'The access code for the fictional station MIREX-204 is KT-9173.'
  RANK 3 LOGP -4.427785 EOS True CODE 'KM-9173' GOLD_MATCH False TEXT 'KM-9173'
  RANK 4 LOGP -6.931108 EOS True CODE 'KT-9173' GOLD_MATCH True TEXT 'MIREX-204: KT-9173'
ORDER (0, 1, 2, 3, 4, 5, 6, 7) ARM append STATION ZENTRA-865 EXPECTED HV-2064 GREEDY 'The access code for the fictional station ZENTRA-865 is HV-2064.' SELECTED 'HV-2064' EXACT True
  RANK 1 LOGP -0.059736 EOS True CODE 'HV-2064' GOLD_MATCH True TEXT 'The access code for the fictional station ZENTRA-865 is HV-2064.'
  RANK 2 LOGP -4.277763 EOS True CODE 'HV-2064' GOLD_MATCH True TEXT 'HV-2064'
  RANK 3 LOGP -4.446802 EOS True CODE 'HV-2064' GOLD_MATCH True TEXT 'The access code for the fictional station ZENTRA-865 is: HV-2064.'
  RANK 4 LOGP -5.195646 EOS True CODE 'HV-2064' GOLD_MATCH True TEXT 'The access code for the fictional station ZENTRA-865 is: HV-2064'
ORDER (0, 1, 2, 3, 4, 5, 6, 7) ARM append STATION MIREX-204 EXPECTED KT-9173 GREEDY 'The access code for the fictional station MIREX-204 is KT-9173.' SELECTED 'KT-9173' EXACT True
  RANK 1 LOGP -0.137564 EOS True CODE 'KT-9173' GOLD_MATCH True TEXT 'The access code for the fictional station MIREX-204 is KT-9173.'
  RANK 2 LOGP -2.133302 EOS True CODE 'KT-9173' GOLD_MATCH True TEXT 'KT-9173'
  RANK 3 LOGP -7.167111 EOS True CODE 'KM-9173' GOLD_MATCH False TEXT 'KM-9173'
  RANK 4 LOGP -7.895451 EOS True CODE 'KT-9173' GOLD_MATCH True TEXT 'The access code for the fictional station MIREX-204 is KT-9173. (End)'
ORDER (0, 1, 2, 3, 4, 5, 6, 7) ARM first STATION ZENTRA-865 EXPECTED HV-2064 GREEDY 'QN-4826' SELECTED 'QN-4826' EXACT False
  RANK 1 LOGP -0.084313 EOS True CODE 'QN-4826' GOLD_MATCH False TEXT 'QN-4826'
  RANK 2 LOGP -6.612367 EOS True CODE None GOLD_MATCH False TEXT 'The access code for the fictional station ZENTRA-865 is not provided in the records.'
  RANK 3 LOGP -6.852292 EOS True CODE 'QN-4826' GOLD_MATCH False TEXT 'The access code for the fictional station ZENTRA-865 is QN-4826.'
ORDER (0, 1, 2, 3, 4, 5, 6, 7) ARM first STATION MIREX-204 EXPECTED KT-9173 GREEDY 'QN-4826' SELECTED 'QN-4826' EXACT False
  RANK 1 LOGP -0.065867 EOS True CODE 'QN-4826' GOLD_MATCH False TEXT 'QN-4826'
  RANK 2 LOGP -4.641005 EOS True CODE None GOLD_MATCH False TEXT 'The access code for the fictional station MIREX-204 is not provided in the records.'
  RANK 3 LOGP -7.193318 EOS True CODE 'QN-4826' GOLD_MATCH False TEXT 'The access code for the fictional station MIREX-204 is QN-4826.'
  RANK 4 LOGP -7.637609 EOS True CODE None GOLD_MATCH False TEXT 'The access code for the fictional station MIREX-204 is not provided in the given records.'
ORDER (7, 6, 5, 4, 3, 2, 1, 0) ARM joint STATION ZENTRA-865 EXPECTED HV-2064 GREEDY 'HV-2064' SELECTED 'HV-2064' EXACT True
  RANK 1 LOGP -0.339273 EOS True CODE 'HV-2064' GOLD_MATCH True TEXT 'HV-2064'
  RANK 2 LOGP -1.343842 EOS True CODE 'HV-2064' GOLD_MATCH True TEXT 'The access code for the fictional station ZENTRA-865 is HV-2064.'
  RANK 3 LOGP -4.589402 EOS True CODE 'HV-2064' GOLD_MATCH True TEXT 'HV-2064.'
  RANK 4 LOGP -5.961446 EOS True CODE 'HV-2064' GOLD_MATCH True TEXT 'ZENTRA-865 access code: HV-2064'
ORDER (7, 6, 5, 4, 3, 2, 1, 0) ARM joint STATION MIREX-204 EXPECTED KT-9173 GREEDY 'BM-7391' SELECTED 'BM-7391' EXACT False
  RANK 1 LOGP -0.618917 EOS True CODE 'BM-7391' GOLD_MATCH False TEXT 'BM-7391'
  RANK 2 LOGP -0.8858 EOS True CODE 'KT-9173' GOLD_MATCH True TEXT 'The access code for the fictional station MIREX-204 is KT-9173.'
  RANK 3 LOGP -3.870059 EOS True CODE 'KT-9173' GOLD_MATCH True TEXT 'KT-9173'
  RANK 4 LOGP -4.641254 EOS True CODE 'KM-9173' GOLD_MATCH False TEXT 'KM-9173'
ORDER (7, 6, 5, 4, 3, 2, 1, 0) ARM append STATION ZENTRA-865 EXPECTED HV-2064 GREEDY 'The access code for the fictional station ZENTRA-865 is HV-2064.' SELECTED 'HV-2064' EXACT True
  RANK 1 LOGP -0.069932 EOS True CODE 'HV-2064' GOLD_MATCH True TEXT 'The access code for the fictional station ZENTRA-865 is HV-2064.'
  RANK 2 LOGP -3.300369 EOS True CODE 'HV-2064' GOLD_MATCH True TEXT 'HV-2064'
  RANK 3 LOGP -4.078803 EOS True CODE 'HV-2064' GOLD_MATCH True TEXT 'The access code for ZENTRA-865 is HV-2064.'
  RANK 4 LOGP -5.471026 EOS True CODE 'HV-2064' GOLD_MATCH True TEXT 'Access code for ZENTRA-865: HV-2064'
ORDER (7, 6, 5, 4, 3, 2, 1, 0) ARM append STATION MIREX-204 EXPECTED KT-9173 GREEDY 'The access code for the fictional station MIREX-204 is KT-9173.' SELECTED 'KT-9173' EXACT True
  RANK 1 LOGP -0.054168 EOS True CODE 'KT-9173' GOLD_MATCH True TEXT 'The access code for the fictional station MIREX-204 is KT-9173.'
  RANK 2 LOGP -3.300201 EOS True CODE 'KT-9173' GOLD_MATCH True TEXT 'KT-9173'
  RANK 3 LOGP -6.134079 EOS True CODE 'KT-9173' GOLD_MATCH True TEXT 'Access code for the fictional station MIREX-204 is KT-9173.'
  RANK 4 LOGP -6.185042 EOS True CODE 'KT-9173' GOLD_MATCH True TEXT 'Access code for MIREX-204: KT-9173'
ORDER (7, 6, 5, 4, 3, 2, 1, 0) ARM first STATION ZENTRA-865 EXPECTED HV-2064 GREEDY 'WC-9432' SELECTED 'WC-9432' EXACT False
  RANK 1 LOGP -0.247839 EOS True CODE 'WC-9432' GOLD_MATCH False TEXT 'WC-9432'
  RANK 2 LOGP -4.296188 EOS True CODE None GOLD_MATCH False TEXT 'The access code for the fictional station ZENTRA-865 is not provided in the records.'
  RANK 3 LOGP -7.05278 EOS True CODE None GOLD_MATCH False TEXT 'The access code for the fictional station ZENTRA-865 is not provided in the given records.'
  RANK 4 LOGP -10.323028 EOS True CODE 'WC-9432' GOLD_MATCH False TEXT 'The access code for the fictional station ZENTRA-865 is not provided in the records. The code for PAVORA-648 is WC-9432.'
ORDER (7, 6, 5, 4, 3, 2, 1, 0) ARM first STATION MIREX-204 EXPECTED KT-9173 GREEDY 'WC-9432' SELECTED 'WC-9432' EXACT False
  RANK 1 LOGP -0.175089 EOS True CODE 'WC-9432' GOLD_MATCH False TEXT 'WC-9432'
  RANK 2 LOGP -4.185563 EOS True CODE None GOLD_MATCH False TEXT 'The access code for the fictional station MIREX-204 is not provided in the records.'
  RANK 3 LOGP -7.423958 EOS True CODE None GOLD_MATCH False TEXT 'The access code for the fictional station MIREX-204 is not provided in the given records.'
  RANK 4 LOGP -11.284463 EOS True CODE 'WC-9432' GOLD_MATCH False TEXT 'The access code for the fictional station MIREX-204 is not provided in the records. The only access code mentioned is for PAVORA-648, which is WC-9432.'

[12/15] GOLD / DECOY LIKELIHOOD MARGINS — OBSERVATIONAL ONLY
ORDER (0, 1, 2, 3, 4, 5, 6, 7) STAGE 6 ARM incremental STATION ZENTRA-865 CORRECT_VISIBLE True WRONG_VISIBLE True CORRECT_LOGP -0.040412323443000275 WRONG_LOGP -6.044071274116504 GOLD_MINUS_WRONG 6.003658950673504 WINNER_CORRECT True
ORDER (0, 1, 2, 3, 4, 5, 6, 7) STAGE 6 ARM incremental STATION TALVEX-583 CORRECT_VISIBLE True WRONG_VISIBLE True CORRECT_LOGP -0.05919557331169756 WRONG_LOGP -6.813171612891892 GOLD_MINUS_WRONG 6.753976039580195 WINNER_CORRECT True
ORDER (0, 1, 2, 3, 4, 5, 6, 7) STAGE 6 ARM incremental STATION MIREX-204 CORRECT_VISIBLE True WRONG_VISIBLE True CORRECT_LOGP -0.08619277490681299 WRONG_LOGP -6.944004121934995 GOLD_MINUS_WRONG 6.857811347028182 WINNER_CORRECT True
ORDER (0, 1, 2, 3, 4, 5, 6, 7) STAGE 7 ARM incremental STATION ZENTRA-865 CORRECT_VISIBLE True WRONG_VISIBLE True CORRECT_LOGP -2.2837383573992724 WRONG_LOGP -0.2845344850372271 GOLD_MINUS_WRONG -1.9992038723620453 WINNER_CORRECT False
ORDER (0, 1, 2, 3, 4, 5, 6, 7) STAGE 7 ARM incremental STATION TALVEX-583 CORRECT_VISIBLE True WRONG_VISIBLE True CORRECT_LOGP -0.33007797458713384 WRONG_LOGP -6.579112833209365 GOLD_MINUS_WRONG 6.249034858622231 WINNER_CORRECT True
ORDER (0, 1, 2, 3, 4, 5, 6, 7) STAGE 7 ARM incremental STATION LUMEX-392 CORRECT_VISIBLE True WRONG_VISIBLE False CORRECT_LOGP -0.39535379111748625 WRONG_LOGP None GOLD_MINUS_WRONG None WINNER_CORRECT True
ORDER (0, 1, 2, 3, 4, 5, 6, 7) STAGE 7 ARM incremental STATION MIREX-204 CORRECT_VISIBLE True WRONG_VISIBLE False CORRECT_LOGP -0.09466188565541245 WRONG_LOGP None GOLD_MINUS_WRONG None WINNER_CORRECT True
ORDER (0, 1, 2, 3, 4, 5, 6, 7) STAGE 8 ARM incremental STATION ZENTRA-865 CORRECT_VISIBLE True WRONG_VISIBLE False CORRECT_LOGP -0.059735697439776914 WRONG_LOGP None GOLD_MINUS_WRONG None WINNER_CORRECT True
ORDER (0, 1, 2, 3, 4, 5, 6, 7) STAGE 8 ARM incremental STATION TALVEX-583 CORRECT_VISIBLE True WRONG_VISIBLE False CORRECT_LOGP -0.0818838072740462 WRONG_LOGP None GOLD_MINUS_WRONG None WINNER_CORRECT True
ORDER (0, 1, 2, 3, 4, 5, 6, 7) STAGE 8 ARM incremental STATION LUMEX-392 CORRECT_VISIBLE True WRONG_VISIBLE True CORRECT_LOGP -0.0406593770848076 WRONG_LOGP -4.2810363604216946 GOLD_MINUS_WRONG 4.240376983336887 WINNER_CORRECT True
ORDER (0, 1, 2, 3, 4, 5, 6, 7) STAGE 8 ARM incremental STATION MIREX-204 CORRECT_VISIBLE True WRONG_VISIBLE True CORRECT_LOGP -0.13756441156893828 WRONG_LOGP -7.167110696027521 GOLD_MINUS_WRONG 7.029546284458583 WINNER_CORRECT True
ORDER (7, 6, 5, 4, 3, 2, 1, 0) STAGE 6 ARM incremental STATION ZENTRA-865 CORRECT_VISIBLE True WRONG_VISIBLE False CORRECT_LOGP -0.007848373038157774 WRONG_LOGP None GOLD_MINUS_WRONG None WINNER_CORRECT True
ORDER (7, 6, 5, 4, 3, 2, 1, 0) STAGE 6 ARM incremental STATION TALVEX-583 CORRECT_VISIBLE True WRONG_VISIBLE True CORRECT_LOGP -0.008328425970198339 WRONG_LOGP -6.761060964126955 GOLD_MINUS_WRONG 6.7527325381567564 WINNER_CORRECT True
ORDER (7, 6, 5, 4, 3, 2, 1, 0) STAGE 6 ARM incremental STATION LUMEX-392 CORRECT_VISIBLE True WRONG_VISIBLE False CORRECT_LOGP -0.25697307044114126 WRONG_LOGP None GOLD_MINUS_WRONG None WINNER_CORRECT True
ORDER (7, 6, 5, 4, 3, 2, 1, 0) STAGE 7 ARM incremental STATION ZENTRA-865 CORRECT_VISIBLE True WRONG_VISIBLE False CORRECT_LOGP -0.03547539093231933 WRONG_LOGP None GOLD_MINUS_WRONG None WINNER_CORRECT True
ORDER (7, 6, 5, 4, 3, 2, 1, 0) STAGE 7 ARM incremental STATION TALVEX-583 CORRECT_VISIBLE True WRONG_VISIBLE False CORRECT_LOGP -0.06849160328383164 WRONG_LOGP None GOLD_MINUS_WRONG None WINNER_CORRECT True
ORDER (7, 6, 5, 4, 3, 2, 1, 0) STAGE 7 ARM incremental STATION LUMEX-392 CORRECT_VISIBLE True WRONG_VISIBLE False CORRECT_LOGP -0.4849773342676471 WRONG_LOGP None GOLD_MINUS_WRONG None WINNER_CORRECT True
ORDER (7, 6, 5, 4, 3, 2, 1, 0) STAGE 7 ARM incremental STATION MIREX-204 CORRECT_VISIBLE True WRONG_VISIBLE False CORRECT_LOGP -0.17995038549921105 WRONG_LOGP None GOLD_MINUS_WRONG None WINNER_CORRECT True
ORDER (7, 6, 5, 4, 3, 2, 1, 0) STAGE 8 ARM incremental STATION ZENTRA-865 CORRECT_VISIBLE True WRONG_VISIBLE False CORRECT_LOGP -0.06993214209859389 WRONG_LOGP None GOLD_MINUS_WRONG None WINNER_CORRECT True
ORDER (7, 6, 5, 4, 3, 2, 1, 0) STAGE 8 ARM incremental STATION TALVEX-583 CORRECT_VISIBLE True WRONG_VISIBLE False CORRECT_LOGP -0.04583840951243445 WRONG_LOGP None GOLD_MINUS_WRONG None WINNER_CORRECT True
ORDER (7, 6, 5, 4, 3, 2, 1, 0) STAGE 8 ARM incremental STATION LUMEX-392 CORRECT_VISIBLE True WRONG_VISIBLE False CORRECT_LOGP -0.5791469052055618 WRONG_LOGP None GOLD_MINUS_WRONG None WINNER_CORRECT True
ORDER (7, 6, 5, 4, 3, 2, 1, 0) STAGE 8 ARM incremental STATION MIREX-204 CORRECT_VISIBLE True WRONG_VISIBLE False CORRECT_LOGP -0.05416753919426753 WRONG_LOGP None GOLD_MINUS_WRONG None WINNER_CORRECT True
ORDER (0, 1, 2, 3, 4, 5, 6, 7) STAGE 8 ARM joint STATION ZENTRA-865 CORRECT_VISIBLE True WRONG_VISIBLE False CORRECT_LOGP -0.6080382500317683 WRONG_LOGP None GOLD_MINUS_WRONG None WINNER_CORRECT True
ORDER (0, 1, 2, 3, 4, 5, 6, 7) STAGE 8 ARM joint STATION MIREX-204 CORRECT_VISIBLE True WRONG_VISIBLE True CORRECT_LOGP -0.08156126148421095 WRONG_LOGP -4.4277851166407345 GOLD_MINUS_WRONG 4.3462238551565235 WINNER_CORRECT True
ORDER (0, 1, 2, 3, 4, 5, 6, 7) STAGE 8 ARM append STATION ZENTRA-865 CORRECT_VISIBLE True WRONG_VISIBLE False CORRECT_LOGP -0.059735697439776914 WRONG_LOGP None GOLD_MINUS_WRONG None WINNER_CORRECT True
ORDER (0, 1, 2, 3, 4, 5, 6, 7) STAGE 8 ARM append STATION MIREX-204 CORRECT_VISIBLE True WRONG_VISIBLE True CORRECT_LOGP -0.13756441156893828 WRONG_LOGP -7.167110696027521 GOLD_MINUS_WRONG 7.029546284458583 WINNER_CORRECT True
ORDER (0, 1, 2, 3, 4, 5, 6, 7) STAGE 8 ARM first STATION ZENTRA-865 CORRECT_VISIBLE False WRONG_VISIBLE True CORRECT_LOGP None WRONG_LOGP -0.08431289617874427 GOLD_MINUS_WRONG None WINNER_CORRECT False
ORDER (0, 1, 2, 3, 4, 5, 6, 7) STAGE 8 ARM first STATION MIREX-204 CORRECT_VISIBLE False WRONG_VISIBLE True CORRECT_LOGP None WRONG_LOGP -0.06586727772446466 GOLD_MINUS_WRONG None WINNER_CORRECT False
ORDER (7, 6, 5, 4, 3, 2, 1, 0) STAGE 8 ARM joint STATION ZENTRA-865 CORRECT_VISIBLE True WRONG_VISIBLE False CORRECT_LOGP -0.339272575160976 WRONG_LOGP None GOLD_MINUS_WRONG None WINNER_CORRECT True
ORDER (7, 6, 5, 4, 3, 2, 1, 0) STAGE 8 ARM joint STATION MIREX-204 CORRECT_VISIBLE True WRONG_VISIBLE True CORRECT_LOGP -0.8857997276174956 WRONG_LOGP -0.6189171631984323 GOLD_MINUS_WRONG -0.26688256441906333 WINNER_CORRECT False
ORDER (7, 6, 5, 4, 3, 2, 1, 0) STAGE 8 ARM append STATION ZENTRA-865 CORRECT_VISIBLE True WRONG_VISIBLE False CORRECT_LOGP -0.06993214209859389 WRONG_LOGP None GOLD_MINUS_WRONG None WINNER_CORRECT True
ORDER (7, 6, 5, 4, 3, 2, 1, 0) STAGE 8 ARM append STATION MIREX-204 CORRECT_VISIBLE True WRONG_VISIBLE False CORRECT_LOGP -0.05416753919426753 WRONG_LOGP None GOLD_MINUS_WRONG None WINNER_CORRECT True
ORDER (7, 6, 5, 4, 3, 2, 1, 0) STAGE 8 ARM first STATION ZENTRA-865 CORRECT_VISIBLE False WRONG_VISIBLE True CORRECT_LOGP None WRONG_LOGP -0.24783889418813487 GOLD_MINUS_WRONG None WINNER_CORRECT False
ORDER (7, 6, 5, 4, 3, 2, 1, 0) STAGE 8 ARM first STATION MIREX-204 CORRECT_VISIBLE False WRONG_VISIBLE True CORRECT_LOGP None WRONG_LOGP -0.17508911959521356 GOLD_MINUS_WRONG None WINNER_CORRECT False

[13/15] REPRODUCTION / COMPARISON
ZENTRA_FORWARD_6_7_8: [(6, 'HV-2064', 'HV-2064', True, 6.003658950673504), (7, 'RP-6402', 'HV-2064', False, -1.9992038723620453), (8, 'HV-2064', 'HV-2064', True, None)]
MIREX_REVERSE_JOINT_APPEND: [('joint', 'BM-7391', 'KT-9173', False), ('append', 'KT-9173', 'KT-9173', True)]
GATE FOCUS_PANEL_COMPLETE PASS
GATE CONTROL_PANEL_COMPLETE PASS
GATE STAGE7_ZENTRA_ERROR_REPRODUCED PASS
GATE STAGE7_CORRECT_CANDIDATE_VISIBLE PASS
GATE STAGE6_8_ZENTRA_CORRECT PASS
GATE REVERSE_JOINT_MIREX_ERROR_REPRODUCED PASS
GATE REVERSE_APPEND_MIREX_CORRECT PASS

[14/15] INTEGRITY
GATE CACHE_VALID PASS
GATE HOOK_COUNTS PASS
GATE HOOKS_CLEAN PASS
GATE FINGERPRINT_UNCHANGED PASS
GATE WEIGHTS_FROZEN PASS
CUDA_ALLOCATED_GIB: 29.373 CUDA_PEAK_GIB: 29.963

[15/15] FINAL
GATE MODEL_FROZEN PASS
GATE PANEL_LOCK PASS
GATE WRITE_INDEPENDENT PASS
GATE INIT_EXACT_BOTH PASS
GATE APPEND_PRESERVED_ALL PASS
GATE FOCUS_PANEL_COMPLETE PASS
GATE CONTROL_PANEL_COMPLETE PASS
GATE STAGE7_ZENTRA_ERROR_REPRODUCED PASS
GATE STAGE7_CORRECT_CANDIDATE_VISIBLE PASS
GATE STAGE6_8_ZENTRA_CORRECT PASS
GATE REVERSE_JOINT_MIREX_ERROR_REPRODUCED PASS
GATE REVERSE_APPEND_MIREX_CORRECT PASS
GATE CACHE_VALID PASS
GATE HOOK_COUNTS PASS
GATE HOOKS_CLEAN PASS
GATE FINGERPRINT_UNCHANGED PASS
GATE WEIGHTS_FROZEN PASS
INFRASTRUCTURE_STATUS: PASS
TEST590_FAILURE_REPRODUCTION_STATUS: PASS
STATUS: PASS — TARGETED INSTABILITY REPRODUCED
ENGINE: TEST590 / TEST588 CUT3 WRITE/INIT/APPEND UNCHANGED
GOLD_CANDIDATE_INJECTION: NO
FORCED_FIRST_TOKEN: NO
SOURCE_REPLAY_DURING_APPEND_OR_ASK: NO
COMPRESSION: NOT YET
FOCUSED_READOUTS: 22 CONTROL_READOUTS: 12 TOTAL_READOUTS: 34
ELAPSED_SECONDS: 335.08


=================================================================================================================================================
