 
================================================================================================================================================= 
TEST592 — AKBASCORE MAM · SEVENTH-CARTRIDGE COUNTERFACTUAL CAUSAL ABLATION
=================================================================================================================================================
GPU: NVIDIA A100-SXM4-40GB TORCH: 2.11.0+cu130 TRANSFORMERS: 5.18.0

[1/15] MODEL / PINNED BASELINE
MODEL_REUSED: NO — LOADING PINNED BASELINE

Warning: You are sending unauthenticated requests to the HF Hub. Please set a HF_TOKEN to enable higher rate limits and faster downloads.
WARNING:huggingface_hub.utils._http:Warning: You are sending unauthenticated requests to the HF Hub. Please set a HF_TOKEN to enable higher rate limits and faster downloads.

config.json: 100%

 1.52k/1.52k [00:00<00:00, 174kB/s]
model.safetensors.index.json: 100%

 480k/480k [00:00<00:00, 44.9MB/s]
Download complete: 

 27.4GB,  283MB/s  
Reconstruction complete: 100%

 31.4GB / 31.4GB,  581MB/s  
Fetching 4 files: 100%

 4/4 [01:26<00:00, 37.31s/it]
Loading weights: 100%

 351/351 [00:07<00:00, 42.10it/s]
generation_config.json: 100%

 181/181 [00:00<00:00, 23.6kB/s]
tokenizer_config.json: 100%

 1.28k/1.28k [00:00<00:00, 168kB/s]
tokenizer.json: 100%

 4.61M/4.61M [00:00<00:00, 55.6MB/s]
GATE MODEL_FROZEN PASS
PARAMETERS: 15706484224 TRAINABLE: 0

[2/15] CANONICAL PANEL
GATE PANEL_LOCK PASS
PREFIX_TOKENS: 31 BODY_LENGTHS: [24, 24, 24, 23, 23, 23, 23, 23] CUT: 3

[3/15] MLA ROTARY TRANSPORT

[4/15] EIGHT INDEPENDENT WRITES
GATE WRITE_INDEPENDENT PASS
WRITE_LENGTHS: [55, 55, 55, 54, 54, 54, 54, 54]

[5/15] INIT — TEST588 ENGINE

[6/15] APPEND — TEST588 ENGINE

[7/15] TWO ORDERS / EIGHT STAGES
ORDER (0, 1, 2, 3, 4, 5, 6, 7) LENGTHS [55, 79, 103, 126, 149, 172, 195, 218] INIT_DELTA 0.0 APPEND_CALLS [1, 1, 1, 1, 1, 1, 1] PRESERVED [True, True, True, True, True, True, True]
ORDER (7, 6, 5, 4, 3, 2, 1, 0) LENGTHS [54, 77, 100, 123, 146, 170, 194, 218] INIT_DELTA 0.0 APPEND_CALLS [1, 1, 1, 1, 1, 1, 1] PRESERVED [True, True, True, True, True, True, True]
GATE INIT_EXACT_BOTH PASS
GATE APPEND_PRESERVED_ALL PASS

[8/15] JOINT REFERENCES

[9/15] GREEDY / COMPLETED BEAM READOUT
BEAM_WIDTH: 4 BEAM_STEPS: 48 COMPLETED_ONLY: YES GOLD_INJECTION: NO

[10/15] CAUSAL SEVENTH-CARTRIDGE ABLATION — FROZEN ENGINE
VARIANT NO_APPEND ADDED NONE LENGTH 172 HOOK_CALLS 0 PRESERVED True
 READ ZENTRA-865 EXPECTED HV-2064 GREEDY 'The access code for the fictional station ZENTRA-865 is HV-2064.' SELECTED 'HV-2064' EXACT True
  RANK 1 LOGP -0.040412 EOS True CODE 'HV-2064' MATCH True TEXT 'The access code for the fictional station ZENTRA-865 is HV-2064.'
  RANK 2 LOGP -3.550351 EOS True CODE 'HV-2064' MATCH True TEXT 'HV-2064'
  RANK 3 LOGP -6.044071 EOS True CODE 'BM-7391' MATCH False TEXT 'BM-7391'
  RANK 4 LOGP -6.403816 EOS True CODE 'HV-2064' MATCH True TEXT 'Access code for ZENTRA-865: HV-2064'
 READ TALVEX-583 EXPECTED RP-6402 GREEDY 'The access code for the fictional station TALVEX-583 is RP-6402.' SELECTED 'RP-6402' EXACT True
  RANK 1 LOGP -0.059196 EOS True CODE 'RP-6402' MATCH True TEXT 'The access code for the fictional station TALVEX-583 is RP-6402.'
  RANK 2 LOGP -3.055861 EOS True CODE 'RP-6402' MATCH True TEXT 'RP-6402'
  RANK 3 LOGP -6.337447 EOS True CODE 'RP-6402' MATCH True TEXT 'The access code for TALVEX-583 is RP-6402.'
  RANK 4 LOGP -6.813172 EOS True CODE 'RX-6402' MATCH False TEXT 'RX-6402'
 READ MIREX-204 EXPECTED KT-9173 GREEDY 'The access code for the fictional station MIREX-204 is KT-9173.' SELECTED 'KT-9173' EXACT True
  RANK 1 LOGP -0.086193 EOS True CODE 'KT-9173' MATCH True TEXT 'The access code for the fictional station MIREX-204 is KT-9173.'
  RANK 2 LOGP -2.58564 EOS True CODE 'KT-9173' MATCH True TEXT 'KT-9173'
  RANK 3 LOGP -6.944004 EOS True CODE 'KM-9173' MATCH False TEXT 'KM-9173'
  RANK 4 LOGP -7.52043 EOS True CODE 'KT-9173' MATCH True TEXT 'Access code for the fictional station MIREX-204 is KT-9173.'
VARIANT LUMEX_ORIGINAL ADDED LUMEX-392 LENGTH 195 HOOK_CALLS 1 PRESERVED True
 READ ZENTRA-865 EXPECTED HV-2064 GREEDY 'The access code for the fictional station ZENTRA-865 is RP-6402.' SELECTED 'RP-6402' EXACT False
  RANK 1 LOGP -0.284534 EOS True CODE 'RP-6402' MATCH False TEXT 'The access code for the fictional station ZENTRA-865 is RP-6402.'
  RANK 2 LOGP -2.283738 EOS True CODE 'HV-2064' MATCH True TEXT 'The access code for the fictional station ZENTRA-865 is HV-2064.'
  RANK 3 LOGP -3.050778 EOS True CODE 'HV-2064' MATCH True TEXT 'The access code for the fictional station ZENTRA-865 is: HV-2064.'
  RANK 4 LOGP -3.549758 EOS True CODE 'HV-2064' MATCH True TEXT 'The access code for the fictional station ZENTRA-865 is: HV-2064'
 READ TALVEX-583 EXPECTED RP-6402 GREEDY 'The access code for the fictional station TALVEX-583 is RP-6402.' SELECTED 'RP-6402' EXACT True
  RANK 1 LOGP -0.330078 EOS True CODE 'RP-6402' MATCH True TEXT 'The access code for the fictional station TALVEX-583 is RP-6402.'
  RANK 2 LOGP -1.322553 EOS True CODE 'RP-6402' MATCH True TEXT 'RP-6402'
  RANK 3 LOGP -5.597674 EOS True CODE 'RP-6402' MATCH True TEXT 'The access code for TALVEX-583 is RP-6402.'
  RANK 4 LOGP -6.579113 EOS True CODE 'RX-6402' MATCH False TEXT 'RX-6402'
 READ MIREX-204 EXPECTED KT-9173 GREEDY 'The access code for the fictional station MIREX-204 is KT-9173.' SELECTED 'KT-9173' EXACT True
  RANK 1 LOGP -0.094662 EOS True CODE 'KT-9173' MATCH True TEXT 'The access code for the fictional station MIREX-204 is KT-9173.'
  RANK 2 LOGP -2.58998 EOS True CODE 'KT-9173' MATCH True TEXT 'KT-9173'
  RANK 3 LOGP -6.310346 EOS True CODE 'KT-9173' MATCH True TEXT 'MIREX-204 access code: KT-9173'
  RANK 4 LOGP -6.455499 EOS True CODE 'KT-9173' MATCH True TEXT 'MIREX-204: KT-9173'
VARIANT PAVORA_ALTERNATIVE ADDED PAVORA-648 LENGTH 195 HOOK_CALLS 1 PRESERVED True
 READ ZENTRA-865 EXPECTED HV-2064 GREEDY 'The access code for the fictional station ZENTRA-865 is HV-2064.' SELECTED 'HV-2064' EXACT True
  RANK 1 LOGP -0.159135 EOS True CODE 'HV-2064' MATCH True TEXT 'The access code for the fictional station ZENTRA-865 is HV-2064.'
  RANK 2 LOGP -2.136893 EOS True CODE 'HV-2064' MATCH True TEXT 'HV-2064'
  RANK 3 LOGP -4.709925 EOS True CODE 'HV-2064' MATCH True TEXT 'The access code for ZENTRA-865 is HV-2064.'
  RANK 4 LOGP -4.973586 EOS True CODE 'HV-2064' MATCH True TEXT 'The access code for the fictional station ZENTRA-865 is: HV-2064.'
 READ TALVEX-583 EXPECTED RP-6402 GREEDY 'The access code for the fictional station TALVEX-583 is RP-6402.' SELECTED 'RP-6402' EXACT True
  RANK 1 LOGP -0.138694 EOS True CODE 'RP-6402' MATCH True TEXT 'The access code for the fictional station TALVEX-583 is RP-6402.'
  RANK 2 LOGP -2.135647 EOS True CODE 'RP-6402' MATCH True TEXT 'RP-6402'
  RANK 3 LOGP -6.891955 EOS True CODE 'RX-6402' MATCH False TEXT 'RX-6402'
  RANK 4 LOGP -9.281762 EOS True CODE 'RP-6402' MATCH True TEXT 'The access code for the fictional station TALVEX-583 is RP-6402. (RP-6402)'
 READ MIREX-204 EXPECTED KT-9173 GREEDY 'The access code for the fictional station MIREX-204 is KT-9173.' SELECTED 'KT-9173' EXACT True
  RANK 1 LOGP -0.078781 EOS True CODE 'KT-9173' MATCH True TEXT 'The access code for the fictional station MIREX-204 is KT-9173.'
  RANK 2 LOGP -2.826291 EOS True CODE 'KT-9173' MATCH True TEXT 'KT-9173'
  RANK 3 LOGP -6.558946 EOS True CODE 'KT-9173' MATCH True TEXT 'MIREX-204 access code: KT-9173'
  RANK 4 LOGP -7.735843 EOS True CODE 'KT-9173' MATCH True TEXT 'The access code for the fictional station MIREX-204 is KT-9173. (End)'
VARIANT TALVEX_DUPLICATE ADDED TALVEX-583 LENGTH 196 HOOK_CALLS 1 PRESERVED True
 READ ZENTRA-865 EXPECTED HV-2064 GREEDY 'The access code for the fictional station ZENTRA-865 is HV-2064.' SELECTED 'HV-2064' EXACT True
  RANK 1 LOGP -0.086167 EOS True CODE 'HV-2064' MATCH True TEXT 'The access code for the fictional station ZENTRA-865 is HV-2064.'
  RANK 2 LOGP -2.824963 EOS True CODE 'HV-2064' MATCH True TEXT 'HV-2064'
  RANK 3 LOGP -4.602517 EOS True CODE 'HV-2064' MATCH True TEXT 'The access code for ZENTRA-865 is HV-2064.'
  RANK 4 LOGP -5.807408 EOS True CODE 'HV-2064' MATCH True TEXT 'Access code for ZENTRA-865: HV-2064'
 READ TALVEX-583 EXPECTED RP-6402 GREEDY 'The access code for the fictional station TALVEX-583 is RP-6402.' SELECTED 'RP-6402' EXACT True
  RANK 1 LOGP -0.099464 EOS True CODE 'RP-6402' MATCH True TEXT 'The access code for the fictional station TALVEX-583 is RP-6402.'
  RANK 2 LOGP -2.593303 EOS True CODE 'RP-6402' MATCH True TEXT 'RP-6402'
  RANK 3 LOGP -6.384025 EOS True CODE 'RP-6402' MATCH True TEXT 'The access code for TALVEX-583 is RP-6402.'
  RANK 4 LOGP -6.479215 EOS True CODE 'RP-6402' MATCH True TEXT 'Access code for TALVEX-583: RP-6402'
 READ MIREX-204 EXPECTED KT-9173 GREEDY 'The access code for the fictional station MIREX-204 is KT-9173.' SELECTED 'KT-9173' EXACT True
  RANK 1 LOGP -0.17528 EOS True CODE 'KT-9173' MATCH True TEXT 'The access code for the fictional station MIREX-204 is KT-9173.'
  RANK 2 LOGP -1.920829 EOS True CODE 'KT-9173' MATCH True TEXT 'KT-9173'
  RANK 3 LOGP -6.990191 EOS True CODE 'KT-9173' MATCH True TEXT 'MIREX-204: KT-9173'
  RANK 4 LOGP -7.545528 EOS True CODE 'KT-9173' MATCH True TEXT 'The access code for the fictional station MIREX-204 is KT-9173. (End)'
VARIANT CALDOR_DUPLICATE ADDED CALDOR-417 LENGTH 195 HOOK_CALLS 1 PRESERVED True
 READ ZENTRA-865 EXPECTED HV-2064 GREEDY 'The access code for the fictional station ZENTRA-865 is HV-2064.' SELECTED 'HV-2064' EXACT True
  RANK 1 LOGP -0.422045 EOS True CODE 'HV-2064' MATCH True TEXT 'The access code for the fictional station ZENTRA-865 is HV-2064.'
  RANK 2 LOGP -1.147083 EOS True CODE 'HV-2064' MATCH True TEXT 'HV-2064'
  RANK 3 LOGP -4.18634 EOS True CODE 'HV-2064' MATCH True TEXT 'The access code for ZENTRA-865 is HV-2064.'
  RANK 4 LOGP -6.070576 EOS True CODE 'HV-2064' MATCH True TEXT 'Access code for ZENTRA-865: HV-2064'
 READ TALVEX-583 EXPECTED RP-6402 GREEDY 'The access code for the fictional station TALVEX-583 is RP-6402.' SELECTED 'RP-6402' EXACT True
  RANK 1 LOGP -0.33682 EOS True CODE 'RP-6402' MATCH True TEXT 'The access code for the fictional station TALVEX-583 is RP-6402.'
  RANK 2 LOGP -1.326856 EOS True CODE 'RP-6402' MATCH True TEXT 'RP-6402'
  RANK 3 LOGP -5.612705 EOS True CODE 'RP-6402' MATCH True TEXT 'The access code for TALVEX-583 is RP-6402.'
  RANK 4 LOGP -7.002483 EOS True CODE 'RP-6402' MATCH True TEXT 'TALVEX-583 access code: RP-6402'
 READ MIREX-204 EXPECTED KT-9173 GREEDY 'The access code for the fictional station MIREX-204 is KT-9173.' SELECTED 'KT-9173' EXACT True
  RANK 1 LOGP -0.402104 EOS True CODE 'KT-9173' MATCH True TEXT 'The access code for the fictional station MIREX-204 is KT-9173.'
  RANK 2 LOGP -1.146977 EOS True CODE 'KT-9173' MATCH True TEXT 'KT-9173'
  RANK 3 LOGP -6.521307 EOS True CODE 'KM-9173' MATCH False TEXT 'KM-9173'
  RANK 4 LOGP -6.966907 EOS True CODE 'KV-9173' MATCH False TEXT 'KV-9173'

[11/15] ORDER / COMPOSITION COUNTERFACTUALS
ORDER_VARIANT ORIGINAL_6_7 TAIL (6, 7) LENGTH 218 PRESERVED True
 READ ZENTRA-865 EXPECTED HV-2064 GREEDY 'The access code for the fictional station ZENTRA-865 is HV-2064.' SELECTED 'HV-2064' EXACT True
 READ TALVEX-583 EXPECTED RP-6402 GREEDY 'The access code for the fictional station TALVEX-583 is RP-6402.' SELECTED 'RP-6402' EXACT True
 READ MIREX-204 EXPECTED KT-9173 GREEDY 'The access code for the fictional station MIREX-204 is KT-9173.' SELECTED 'KT-9173' EXACT True
 READ LUMEX-392 EXPECTED FS-5817 GREEDY 'The access code for the fictional station LUMEX-392 is FS-5817.' SELECTED 'FS-5817' EXACT True
 READ PAVORA-648 EXPECTED WC-9432 GREEDY 'The access code for the fictional station PAVORA-648 is WC-9432.' SELECTED 'WC-9432' EXACT True
ORDER_VARIANT SWAPPED_7_6 TAIL (7, 6) LENGTH 218 PRESERVED True
 READ ZENTRA-865 EXPECTED HV-2064 GREEDY 'The access code for the fictional station ZENTRA-865 is HV-2064.' SELECTED 'HV-2064' EXACT True
 READ TALVEX-583 EXPECTED RP-6402 GREEDY 'The access code for the fictional station TALVEX-583 is RP-6402.' SELECTED 'RP-6402' EXACT True
 READ MIREX-204 EXPECTED KT-9173 GREEDY 'The access code for the fictional station MIREX-204 is KT-9173.' SELECTED 'KT-9173' EXACT True
 READ LUMEX-392 EXPECTED FS-5817 GREEDY 'The access code for the fictional station LUMEX-392 is FS-5817.' SELECTED 'FS-5817' EXACT True
 READ PAVORA-648 EXPECTED WC-9432 GREEDY 'WC-9432' SELECTED 'WC-9432' EXACT True

[12/15] TARGETED JOINT / APPEND COMPARISON
ORDER (0, 1, 2, 3, 4, 5, 6, 7) ARM joint STATION MIREX-204 EXPECTED KT-9173 SELECTED KT-9173 EXACT True
  RANK 1 LOGP -0.081561 CODE 'KT-9173' MATCH True
  RANK 2 LOGP -2.853218 CODE 'KT-9173' MATCH True
  RANK 3 LOGP -4.427785 CODE 'KM-9173' MATCH False
  RANK 4 LOGP -6.931108 CODE 'KT-9173' MATCH True
ORDER (0, 1, 2, 3, 4, 5, 6, 7) ARM joint STATION ZENTRA-865 EXPECTED HV-2064 SELECTED HV-2064 EXACT True
  RANK 1 LOGP -0.608038 CODE 'HV-2064' MATCH True
  RANK 2 LOGP -0.878206 CODE 'HV-2064' MATCH True
  RANK 3 LOGP -4.298599 CODE 'HV-2064' MATCH True
  RANK 4 LOGP -4.889855 CODE 'HV-2064' MATCH True
ORDER (0, 1, 2, 3, 4, 5, 6, 7) ARM append STATION MIREX-204 EXPECTED KT-9173 SELECTED KT-9173 EXACT True
  RANK 1 LOGP -0.137564 CODE 'KT-9173' MATCH True
  RANK 2 LOGP -2.133302 CODE 'KT-9173' MATCH True
  RANK 3 LOGP -7.167111 CODE 'KM-9173' MATCH False
  RANK 4 LOGP -7.895451 CODE 'KT-9173' MATCH True
ORDER (0, 1, 2, 3, 4, 5, 6, 7) ARM append STATION ZENTRA-865 EXPECTED HV-2064 SELECTED HV-2064 EXACT True
  RANK 1 LOGP -0.059736 CODE 'HV-2064' MATCH True
  RANK 2 LOGP -4.277763 CODE 'HV-2064' MATCH True
  RANK 3 LOGP -4.446802 CODE 'HV-2064' MATCH True
  RANK 4 LOGP -5.195646 CODE 'HV-2064' MATCH True
ORDER (7, 6, 5, 4, 3, 2, 1, 0) ARM joint STATION MIREX-204 EXPECTED KT-9173 SELECTED BM-7391 EXACT False
  RANK 1 LOGP -0.618917 CODE 'BM-7391' MATCH False
  RANK 2 LOGP -0.8858 CODE 'KT-9173' MATCH True
  RANK 3 LOGP -3.870059 CODE 'KT-9173' MATCH True
  RANK 4 LOGP -4.641254 CODE 'KM-9173' MATCH False
ORDER (7, 6, 5, 4, 3, 2, 1, 0) ARM joint STATION ZENTRA-865 EXPECTED HV-2064 SELECTED HV-2064 EXACT True
  RANK 1 LOGP -0.339273 CODE 'HV-2064' MATCH True
  RANK 2 LOGP -1.343842 CODE 'HV-2064' MATCH True
  RANK 3 LOGP -4.589402 CODE 'HV-2064' MATCH True
  RANK 4 LOGP -5.961446 CODE 'HV-2064' MATCH True
ORDER (7, 6, 5, 4, 3, 2, 1, 0) ARM append STATION MIREX-204 EXPECTED KT-9173 SELECTED KT-9173 EXACT True
  RANK 1 LOGP -0.054168 CODE 'KT-9173' MATCH True
  RANK 2 LOGP -3.300201 CODE 'KT-9173' MATCH True
  RANK 3 LOGP -6.134079 CODE 'KT-9173' MATCH True
  RANK 4 LOGP -6.185042 CODE 'KT-9173' MATCH True
ORDER (7, 6, 5, 4, 3, 2, 1, 0) ARM append STATION ZENTRA-865 EXPECTED HV-2064 SELECTED HV-2064 EXACT True
  RANK 1 LOGP -0.069932 CODE 'HV-2064' MATCH True
  RANK 2 LOGP -3.300369 CODE 'HV-2064' MATCH True
  RANK 3 LOGP -4.078803 CODE 'HV-2064' MATCH True
  RANK 4 LOGP -5.471026 CODE 'HV-2064' MATCH True

[13/15] MARGINS / CAUSAL COMPARISONS
MARGIN NO_APPEND ORDER BASE6 STATION ZENTRA-865 CORRECT_LOGP -0.040412323443000275 WRONG_LOGP -6.044071274116504 DELTA 6.003658950673504 EXACT True
MARGIN NO_APPEND ORDER BASE6 STATION TALVEX-583 CORRECT_LOGP -0.05919557331169756 WRONG_LOGP -6.813171612891892 DELTA 6.753976039580195 EXACT True
MARGIN NO_APPEND ORDER BASE6 STATION MIREX-204 CORRECT_LOGP -0.08619277490681299 WRONG_LOGP -6.944004121934995 DELTA 6.857811347028182 EXACT True
MARGIN LUMEX_ORIGINAL ORDER BASE6 STATION ZENTRA-865 CORRECT_LOGP -2.2837383573992724 WRONG_LOGP -0.2845344850372271 DELTA -1.9992038723620453 EXACT False
MARGIN LUMEX_ORIGINAL ORDER BASE6 STATION TALVEX-583 CORRECT_LOGP -0.33007797458713384 WRONG_LOGP -6.579112833209365 DELTA 6.249034858622231 EXACT True
MARGIN LUMEX_ORIGINAL ORDER BASE6 STATION MIREX-204 CORRECT_LOGP -0.09466188565541245 WRONG_LOGP None DELTA None EXACT True
MARGIN PAVORA_ALTERNATIVE ORDER BASE6 STATION ZENTRA-865 CORRECT_LOGP -0.15913525135098894 WRONG_LOGP None DELTA None EXACT True
MARGIN PAVORA_ALTERNATIVE ORDER BASE6 STATION TALVEX-583 CORRECT_LOGP -0.13869357447170927 WRONG_LOGP -6.891955333181613 DELTA 6.753261758709904 EXACT True
MARGIN PAVORA_ALTERNATIVE ORDER BASE6 STATION MIREX-204 CORRECT_LOGP -0.07878146998463365 WRONG_LOGP None DELTA None EXACT True
MARGIN TALVEX_DUPLICATE ORDER BASE6 STATION ZENTRA-865 CORRECT_LOGP -0.08616675087262138 WRONG_LOGP None DELTA None EXACT True
MARGIN TALVEX_DUPLICATE ORDER BASE6 STATION TALVEX-583 CORRECT_LOGP -0.09946380281610345 WRONG_LOGP None DELTA None EXACT True
MARGIN TALVEX_DUPLICATE ORDER BASE6 STATION MIREX-204 CORRECT_LOGP -0.17528049290168468 WRONG_LOGP None DELTA None EXACT True
MARGIN CALDOR_DUPLICATE ORDER BASE6 STATION ZENTRA-865 CORRECT_LOGP -0.42204523350207523 WRONG_LOGP None DELTA None EXACT True
MARGIN CALDOR_DUPLICATE ORDER BASE6 STATION TALVEX-583 CORRECT_LOGP -0.33681997585380685 WRONG_LOGP None DELTA None EXACT True
MARGIN CALDOR_DUPLICATE ORDER BASE6 STATION MIREX-204 CORRECT_LOGP -0.40210432770525983 WRONG_LOGP -6.52130651648622 DELTA 6.11920218878096 EXACT True
MARGIN ORIGINAL_6_7 ORDER BASE6 STATION ZENTRA-865 CORRECT_LOGP -0.059735697439776914 WRONG_LOGP None DELTA None EXACT True
MARGIN ORIGINAL_6_7 ORDER BASE6 STATION TALVEX-583 CORRECT_LOGP -0.0818838072740462 WRONG_LOGP None DELTA None EXACT True
MARGIN ORIGINAL_6_7 ORDER BASE6 STATION MIREX-204 CORRECT_LOGP -0.13756441156893828 WRONG_LOGP -7.167110696027521 DELTA 7.029546284458583 EXACT True
MARGIN ORIGINAL_6_7 ORDER BASE6 STATION LUMEX-392 CORRECT_LOGP -0.0406593770848076 WRONG_LOGP -4.2810363604216946 DELTA 4.240376983336887 EXACT True
MARGIN ORIGINAL_6_7 ORDER BASE6 STATION PAVORA-648 CORRECT_LOGP -0.5882124038325287 WRONG_LOGP None DELTA None EXACT True
MARGIN SWAPPED_7_6 ORDER BASE6 STATION ZENTRA-865 CORRECT_LOGP -0.0752327950211793 WRONG_LOGP None DELTA None EXACT True
MARGIN SWAPPED_7_6 ORDER BASE6 STATION TALVEX-583 CORRECT_LOGP -0.11968973447024922 WRONG_LOGP None DELTA None EXACT True
MARGIN SWAPPED_7_6 ORDER BASE6 STATION MIREX-204 CORRECT_LOGP -0.1394990128759872 WRONG_LOGP None DELTA None EXACT True
MARGIN SWAPPED_7_6 ORDER BASE6 STATION LUMEX-392 CORRECT_LOGP -0.7046276887888894 WRONG_LOGP None DELTA None EXACT True
MARGIN SWAPPED_7_6 ORDER BASE6 STATION PAVORA-648 CORRECT_LOGP -0.2558825491112202 WRONG_LOGP None DELTA None EXACT True
MARGIN joint ORDER (0, 1, 2, 3, 4, 5, 6, 7) STATION MIREX-204 CORRECT_LOGP -0.08156126148421095 WRONG_LOGP -4.4277851166407345 DELTA 4.3462238551565235 EXACT True
MARGIN joint ORDER (0, 1, 2, 3, 4, 5, 6, 7) STATION ZENTRA-865 CORRECT_LOGP -0.6080382500317683 WRONG_LOGP None DELTA None EXACT True
MARGIN append ORDER (0, 1, 2, 3, 4, 5, 6, 7) STATION MIREX-204 CORRECT_LOGP -0.13756441156893828 WRONG_LOGP -7.167110696027521 DELTA 7.029546284458583 EXACT True
MARGIN append ORDER (0, 1, 2, 3, 4, 5, 6, 7) STATION ZENTRA-865 CORRECT_LOGP -0.059735697439776914 WRONG_LOGP None DELTA None EXACT True
MARGIN joint ORDER (7, 6, 5, 4, 3, 2, 1, 0) STATION MIREX-204 CORRECT_LOGP -0.8857997276174956 WRONG_LOGP -0.6189171631984323 DELTA -0.26688256441906333 EXACT False
MARGIN joint ORDER (7, 6, 5, 4, 3, 2, 1, 0) STATION ZENTRA-865 CORRECT_LOGP -0.339272575160976 WRONG_LOGP None DELTA None EXACT True
MARGIN append ORDER (7, 6, 5, 4, 3, 2, 1, 0) STATION MIREX-204 CORRECT_LOGP -0.05416753919426753 WRONG_LOGP None DELTA None EXACT True
MARGIN append ORDER (7, 6, 5, 4, 3, 2, 1, 0) STATION ZENTRA-865 CORRECT_LOGP -0.06993214209859389 WRONG_LOGP None DELTA None EXACT True
ZENTRA_CAUSAL_SEQUENCE: [('S6', 'HV-2064', True, 6.003658950673504), ('S7_LUMEX', 'RP-6402', False, -1.9992038723620453), ('S7_PAVORA', 'HV-2064', True, None), ('S8_ORIGINAL', 'HV-2064', True, None), ('S8_SWAPPED', 'HV-2064', True, None)]
CAUSAL_INTERPRETATION: OBSERVATIONAL COUNTERFACTUAL; SINGLE DETERMINISTIC PANEL; NOT A GENERAL CAUSAL PROOF
GATE BASELINE_STAGE6_ZENTRA_CORRECT PASS
GATE ORIGINAL_STAGE7_ERROR_REPRODUCED PASS
GATE CORRECT_VISIBLE_IN_STAGE7 PASS
GATE ORIGINAL_STAGE8_ZENTRA_CORRECT PASS
GATE ALTERNATIVE_SEVENTH_TESTED PASS
GATE CONTROLS_COMPLETE PASS
GATE COUNTERFACTUAL_PRESERVATION PASS

[14/15] INTEGRITY
GATE CACHE_VALID PASS
GATE HOOK_COUNTS PASS
GATE HOOKS_CLEAN PASS
GATE FINGERPRINT_UNCHANGED PASS
GATE WEIGHTS_FROZEN PASS
CUDA_ALLOCATED_GIB: 29.408 CUDA_PEAK_GIB: 29.962

[15/15] FINAL
GATE MODEL_FROZEN PASS
GATE PANEL_LOCK PASS
GATE WRITE_INDEPENDENT PASS
GATE INIT_EXACT_BOTH PASS
GATE APPEND_PRESERVED_ALL PASS
GATE BASELINE_STAGE6_ZENTRA_CORRECT PASS
GATE ORIGINAL_STAGE7_ERROR_REPRODUCED PASS
GATE CORRECT_VISIBLE_IN_STAGE7 PASS
GATE ORIGINAL_STAGE8_ZENTRA_CORRECT PASS
GATE ALTERNATIVE_SEVENTH_TESTED PASS
GATE CONTROLS_COMPLETE PASS
GATE COUNTERFACTUAL_PRESERVATION PASS
GATE CACHE_VALID PASS
GATE HOOK_COUNTS PASS
GATE HOOKS_CLEAN PASS
GATE FINGERPRINT_UNCHANGED PASS
GATE WEIGHTS_FROZEN PASS
INFRASTRUCTURE_STATUS: PASS
ORIGINAL_FAILURE_REPRODUCTION_STATUS: PASS
STATUS: PASS — CAUSAL ABLATION COMPLETE
ENGINE: TEST591 / TEST590 / TEST588 CUT3 WRITE/INIT/APPEND UNCHANGED
GOLD_CANDIDATE_INJECTION: NO
FORCED_FIRST_TOKEN: NO
SOURCE_REPLAY_DURING_APPEND_OR_ASK: NO
COMPRESSION: NOT YET
ABLATION_READOUTS: 15 ORDER_READOUTS: 10 CONTROL_READOUTS: 8 TOTAL_READOUTS: 33
ELAPSED_SECONDS: 330.95


=================================================================================================================================================
