 
================================================================================================================================================= 
TEST593 — AKBASCORE MAM · LAYERWISE READOUT INTERFERENCE X-RAY
=================================================================================================================================================
GPU: NVIDIA A100-SXM4-40GB TORCH: 2.11.0+cu130 TRANSFORMERS: 5.18.0

[1/15] MODEL / PINNED BASELINE
MODEL_REUSED: NO — LOADING PINNED BASELINE

Warning: You are sending unauthenticated requests to the HF Hub. Please set a HF_TOKEN to enable higher rate limits and faster downloads.
WARNING:huggingface_hub.utils._http:Warning: You are sending unauthenticated requests to the HF Hub. Please set a HF_TOKEN to enable higher rate limits and faster downloads.

config.json: 100%

 1.52k/1.52k [00:00<00:00, 184kB/s]
model.safetensors.index.json: 100%

 480k/480k [00:00<00:00, 48.7MB/s]
Download complete: 

 27.4GB,  959MB/s  
Reconstruction complete: 100%

 31.4GB / 31.4GB,  567MB/s  
Fetching 4 files: 100%

 4/4 [01:27<00:00, 37.77s/it]
Loading weights: 100%

 351/351 [00:07<00:00, 42.72it/s]
generation_config.json: 100%

 181/181 [00:00<00:00, 24.0kB/s]
tokenizer_config.json: 100%

 1.28k/1.28k [00:00<00:00, 156kB/s]
tokenizer.json: 100%

 4.61M/4.61M [00:00<00:00, 109MB/s]
GATE MODEL_FROZEN PASS
PARAMETERS: 15706484224 TRAINABLE: 0

[2/15] CANONICAL PANEL
GATE PANEL_LOCK PASS
PREFIX_TOKENS: 31 BODY_LENGTHS: [24, 24, 24, 23, 23, 23, 23, 23] CUT: 3

[3/15] MLA ROTARY TRANSPORT

[4/15] EIGHT INDEPENDENT WRITES
GATE WRITE_INDEPENDENT PASS
WRITE_LENGTHS: [55, 55, 55, 54, 54, 54, 54, 54]

[5/15] INIT — TEST588 ENGINE

[6/15] APPEND — TEST588 ENGINE

[7/15] TWO ORDERS / EIGHT STAGES
ORDER (0, 1, 2, 3, 4, 5, 6, 7) LENGTHS [55, 79, 103, 126, 149, 172, 195, 218] INIT_DELTA 0.0 APPEND_CALLS [1, 1, 1, 1, 1, 1, 1] PRESERVED [True, True, True, True, True, True, True]
ORDER (7, 6, 5, 4, 3, 2, 1, 0) LENGTHS [54, 77, 100, 123, 146, 170, 194, 218] INIT_DELTA 0.0 APPEND_CALLS [1, 1, 1, 1, 1, 1, 1] PRESERVED [True, True, True, True, True, True, True]
GATE INIT_EXACT_BOTH PASS
GATE APPEND_PRESERVED_ALL PASS

[8/15] JOINT REFERENCES

[9/15] GREEDY / COMPLETED BEAM READOUT
BEAM_WIDTH: 4 BEAM_STEPS: 48 COMPLETED_ONLY: YES GOLD_INJECTION: NO

[10/15] THREE FROZEN MEMORY STATES — BASE6 / LUMEX / PAVORA
STATE_LENGTHS: {'BASE6': 172, 'LUMEX7': 195, 'PAVORA7': 195} PAVORA_APPEND_CALLS: 1 PRESERVED: True
GATE PAVORA_CONTROL_PRESERVED PASS

[11/15] LAYERWISE QUERY HIDDEN STATE READOUT — OBSERVATIONAL HOOKS
STATE BASE6 STATION ZENTRA-865 EXPECTED HV-2064 GREEDY 'The access code for the fictional station ZENTRA-865 is HV-2064.' SELECTED 'HV-2064' EXACT True
 RANK 1 LOGP -0.040412 CODE 'HV-2064' GOLD_MATCH True
 RANK 2 LOGP -3.550351 CODE 'HV-2064' GOLD_MATCH True
 RANK 3 LOGP -6.044071 CODE 'BM-7391' GOLD_MATCH False
 RANK 4 LOGP -6.403816 CODE 'HV-2064' GOLD_MATCH True
STATE LUMEX7 STATION ZENTRA-865 EXPECTED HV-2064 GREEDY 'The access code for the fictional station ZENTRA-865 is RP-6402.' SELECTED 'RP-6402' EXACT False
 RANK 1 LOGP -0.284534 CODE 'RP-6402' GOLD_MATCH False
 RANK 2 LOGP -2.283738 CODE 'HV-2064' GOLD_MATCH True
 RANK 3 LOGP -3.050778 CODE 'HV-2064' GOLD_MATCH True
 RANK 4 LOGP -3.549758 CODE 'HV-2064' GOLD_MATCH True
STATE PAVORA7 STATION ZENTRA-865 EXPECTED HV-2064 GREEDY 'The access code for the fictional station ZENTRA-865 is HV-2064.' SELECTED 'HV-2064' EXACT True
 RANK 1 LOGP -0.159135 CODE 'HV-2064' GOLD_MATCH True
 RANK 2 LOGP -2.136893 CODE 'HV-2064' GOLD_MATCH True
 RANK 3 LOGP -4.709925 CODE 'HV-2064' GOLD_MATCH True
 RANK 4 LOGP -4.973586 CODE 'HV-2064' GOLD_MATCH True
STATE BASE6 STATION MIREX-204 EXPECTED KT-9173 GREEDY 'The access code for the fictional station MIREX-204 is KT-9173.' SELECTED 'KT-9173' EXACT True
 RANK 1 LOGP -0.086193 CODE 'KT-9173' GOLD_MATCH True
 RANK 2 LOGP -2.58564 CODE 'KT-9173' GOLD_MATCH True
 RANK 3 LOGP -6.944004 CODE 'KM-9173' GOLD_MATCH False
 RANK 4 LOGP -7.52043 CODE 'KT-9173' GOLD_MATCH True
STATE LUMEX7 STATION MIREX-204 EXPECTED KT-9173 GREEDY 'The access code for the fictional station MIREX-204 is KT-9173.' SELECTED 'KT-9173' EXACT True
 RANK 1 LOGP -0.094662 CODE 'KT-9173' GOLD_MATCH True
 RANK 2 LOGP -2.58998 CODE 'KT-9173' GOLD_MATCH True
 RANK 3 LOGP -6.310346 CODE 'KT-9173' GOLD_MATCH True
 RANK 4 LOGP -6.455499 CODE 'KT-9173' GOLD_MATCH True
STATE PAVORA7 STATION MIREX-204 EXPECTED KT-9173 GREEDY 'The access code for the fictional station MIREX-204 is KT-9173.' SELECTED 'KT-9173' EXACT True
 RANK 1 LOGP -0.078781 CODE 'KT-9173' GOLD_MATCH True
 RANK 2 LOGP -2.826291 CODE 'KT-9173' GOLD_MATCH True
 RANK 3 LOGP -6.558946 CODE 'KT-9173' GOLD_MATCH True
 RANK 4 LOGP -7.735843 CODE 'KT-9173' GOLD_MATCH True

[12/15] LAYERWISE COSINE / RELATIVE DISPLACEMENT
STATION ZENTRA-865 L 0 COS_BASE_LUM 0.9999505 COS_BASE_PAV 0.9999444 REL_BASE_LUM 0.0100696 REL_BASE_PAV 0.0106909 EXCESS_LUM_MINUS_PAV -0.0006213 COS_LUM_PAV 0.999993
STATION ZENTRA-865 L 1 COS_BASE_LUM 0.9992313 COS_BASE_PAV 0.9995297 REL_BASE_LUM 0.0392646 REL_BASE_PAV 0.0314768 EXCESS_LUM_MINUS_PAV 0.0077878 COS_LUM_PAV 0.9994018
STATION ZENTRA-865 L 2 COS_BASE_LUM 0.9994079 COS_BASE_PAV 0.9995691 REL_BASE_LUM 0.0344878 REL_BASE_PAV 0.0294931 EXCESS_LUM_MINUS_PAV 0.0049947 COS_LUM_PAV 0.9995642
STATION ZENTRA-865 L 3 COS_BASE_LUM 0.9995075 COS_BASE_PAV 0.999566 REL_BASE_LUM 0.0318723 REL_BASE_PAV 0.0299392 EXCESS_LUM_MINUS_PAV 0.0019331 COS_LUM_PAV 0.9996595
STATION ZENTRA-865 L 4 COS_BASE_LUM 0.9996599 COS_BASE_PAV 0.9996553 REL_BASE_LUM 0.0261533 REL_BASE_PAV 0.0264243 EXCESS_LUM_MINUS_PAV -0.000271 COS_LUM_PAV 0.9997736
STATION ZENTRA-865 L 5 COS_BASE_LUM 0.9989597 COS_BASE_PAV 0.998925 REL_BASE_LUM 0.0458463 REL_BASE_PAV 0.0464926 EXCESS_LUM_MINUS_PAV -0.0006462 COS_LUM_PAV 0.9996321
STATION ZENTRA-865 L 6 COS_BASE_LUM 0.9983641 COS_BASE_PAV 0.9984009 REL_BASE_LUM 0.0572707 REL_BASE_PAV 0.0569 EXCESS_LUM_MINUS_PAV 0.0003707 COS_LUM_PAV 0.9996568
STATION ZENTRA-865 L 7 COS_BASE_LUM 0.9986145 COS_BASE_PAV 0.9985796 REL_BASE_LUM 0.0527407 REL_BASE_PAV 0.0534305 EXCESS_LUM_MINUS_PAV -0.0006898 COS_LUM_PAV 0.9996589
STATION ZENTRA-865 L 8 COS_BASE_LUM 0.9972841 COS_BASE_PAV 0.9973348 REL_BASE_LUM 0.0736934 REL_BASE_PAV 0.0729667 EXCESS_LUM_MINUS_PAV 0.0007268 COS_LUM_PAV 0.9994385
STATION ZENTRA-865 L 9 COS_BASE_LUM 0.9975391 COS_BASE_PAV 0.997574 REL_BASE_LUM 0.070386 REL_BASE_PAV 0.0696913 EXCESS_LUM_MINUS_PAV 0.0006947 COS_LUM_PAV 0.9995632
STATION ZENTRA-865 L 10 COS_BASE_LUM 0.993989 COS_BASE_PAV 0.9935813 REL_BASE_LUM 0.1110236 REL_BASE_PAV 0.1163664 EXCESS_LUM_MINUS_PAV -0.0053428 COS_LUM_PAV 0.9991103
STATION ZENTRA-865 L 11 COS_BASE_LUM 0.9872878 COS_BASE_PAV 0.9871137 REL_BASE_LUM 0.1611588 REL_BASE_PAV 0.1614399 EXCESS_LUM_MINUS_PAV -0.0002812 COS_LUM_PAV 0.9989349
STATION ZENTRA-865 L 12 COS_BASE_LUM 0.9878166 COS_BASE_PAV 0.9874595 REL_BASE_LUM 0.1557415 REL_BASE_PAV 0.1580352 EXCESS_LUM_MINUS_PAV -0.0022937 COS_LUM_PAV 0.9976142
STATION ZENTRA-865 L 13 COS_BASE_LUM 0.987166 COS_BASE_PAV 0.9865389 REL_BASE_LUM 0.1597275 REL_BASE_PAV 0.1635314 EXCESS_LUM_MINUS_PAV -0.0038039 COS_LUM_PAV 0.9973388
STATION ZENTRA-865 L 14 COS_BASE_LUM 0.9851664 COS_BASE_PAV 0.9832292 REL_BASE_LUM 0.17181 REL_BASE_PAV 0.182415 EXCESS_LUM_MINUS_PAV -0.0106051 COS_LUM_PAV 0.9964116
STATION ZENTRA-865 L 15 COS_BASE_LUM 0.9797697 COS_BASE_PAV 0.9765185 REL_BASE_LUM 0.2013823 REL_BASE_PAV 0.2159302 EXCESS_LUM_MINUS_PAV -0.0145479 COS_LUM_PAV 0.9964906
STATION ZENTRA-865 L 16 COS_BASE_LUM 0.9782764 COS_BASE_PAV 0.9761545 REL_BASE_LUM 0.2074675 REL_BASE_PAV 0.2170797 EXCESS_LUM_MINUS_PAV -0.0096122 COS_LUM_PAV 0.9965773
STATION ZENTRA-865 L 17 COS_BASE_LUM 0.977865 COS_BASE_PAV 0.9770364 REL_BASE_LUM 0.2092863 REL_BASE_PAV 0.2130838 EXCESS_LUM_MINUS_PAV -0.0037975 COS_LUM_PAV 0.9969412
STATION ZENTRA-865 L 18 COS_BASE_LUM 0.9785669 COS_BASE_PAV 0.9782242 REL_BASE_LUM 0.2060061 REL_BASE_PAV 0.2075585 EXCESS_LUM_MINUS_PAV -0.0015525 COS_LUM_PAV 0.9969699
STATION ZENTRA-865 L 19 COS_BASE_LUM 0.9548239 COS_BASE_PAV 0.9611187 REL_BASE_LUM 0.2972257 REL_BASE_PAV 0.276185 EXCESS_LUM_MINUS_PAV 0.0210407 COS_LUM_PAV 0.9828017
STATION ZENTRA-865 L 20 COS_BASE_LUM 0.9615221 COS_BASE_PAV 0.9657588 REL_BASE_LUM 0.2748098 REL_BASE_PAV 0.2595928 EXCESS_LUM_MINUS_PAV 0.015217 COS_LUM_PAV 0.9838166
STATION ZENTRA-865 L 21 COS_BASE_LUM 0.9643966 COS_BASE_PAV 0.9678671 REL_BASE_LUM 0.2650337 REL_BASE_PAV 0.2520429 EXCESS_LUM_MINUS_PAV 0.0129908 COS_LUM_PAV 0.9842462
STATION ZENTRA-865 L 22 COS_BASE_LUM 0.9697427 COS_BASE_PAV 0.9727336 REL_BASE_LUM 0.2452878 REL_BASE_PAV 0.2330565 EXCESS_LUM_MINUS_PAV 0.0122313 COS_LUM_PAV 0.986717
STATION ZENTRA-865 L 23 COS_BASE_LUM 0.982031 COS_BASE_PAV 0.9839351 REL_BASE_LUM 0.1900457 REL_BASE_PAV 0.1786848 EXCESS_LUM_MINUS_PAV 0.0113609 COS_LUM_PAV 0.991766
STATION ZENTRA-865 L 24 COS_BASE_LUM 0.9848682 COS_BASE_PAV 0.985854 REL_BASE_LUM 0.1747139 REL_BASE_PAV 0.1680777 EXCESS_LUM_MINUS_PAV 0.0066362 COS_LUM_PAV 0.992548
STATION ZENTRA-865 L 25 COS_BASE_LUM 0.9886183 COS_BASE_PAV 0.9897668 REL_BASE_LUM 0.152414 REL_BASE_PAV 0.1438957 EXCESS_LUM_MINUS_PAV 0.0085182 COS_LUM_PAV 0.99419
STATION ZENTRA-865 L 26 COS_BASE_LUM 0.979233 COS_BASE_PAV 0.9819902 REL_BASE_LUM 0.2068861 REL_BASE_PAV 0.1911679 EXCESS_LUM_MINUS_PAV 0.0157183 COS_LUM_PAV 0.9882138
TOP_EXCESS_LAYERS ZENTRA-865 [(19, 0.021041), (26, 0.015718), (20, 0.015217), (21, 0.012991), (22, 0.012231), (23, 0.011361), (25, 0.008518), (1, 0.007788)]
MAX_REL_LUM_LAYER ZENTRA-865 19
STATION MIREX-204 L 0 COS_BASE_LUM 0.9999509 COS_BASE_PAV 0.999947 REL_BASE_LUM 0.010001 REL_BASE_PAV 0.0103806 EXCESS_LUM_MINUS_PAV -0.0003796 COS_LUM_PAV 0.9999931
STATION MIREX-204 L 1 COS_BASE_LUM 0.9992272 COS_BASE_PAV 0.9997731 REL_BASE_LUM 0.0394412 REL_BASE_PAV 0.0224342 EXCESS_LUM_MINUS_PAV 0.017007 COS_LUM_PAV 0.9993783
STATION MIREX-204 L 2 COS_BASE_LUM 0.9980536 COS_BASE_PAV 0.9997165 REL_BASE_LUM 0.0627951 REL_BASE_PAV 0.023995 EXCESS_LUM_MINUS_PAV 0.0388 COS_LUM_PAV 0.9981991
STATION MIREX-204 L 3 COS_BASE_LUM 0.9986283 COS_BASE_PAV 0.9996418 REL_BASE_LUM 0.0526896 REL_BASE_PAV 0.0268847 EXCESS_LUM_MINUS_PAV 0.025805 COS_LUM_PAV 0.9987067
STATION MIREX-204 L 4 COS_BASE_LUM 0.9992718 COS_BASE_PAV 0.9997212 REL_BASE_LUM 0.0381563 REL_BASE_PAV 0.02378 EXCESS_LUM_MINUS_PAV 0.0143764 COS_LUM_PAV 0.99932
STATION MIREX-204 L 5 COS_BASE_LUM 0.9990815 COS_BASE_PAV 0.9994808 REL_BASE_LUM 0.043275 REL_BASE_PAV 0.0323546 EXCESS_LUM_MINUS_PAV 0.0109204 COS_LUM_PAV 0.9993512
STATION MIREX-204 L 6 COS_BASE_LUM 0.9990644 COS_BASE_PAV 0.999366 REL_BASE_LUM 0.043882 REL_BASE_PAV 0.0356233 EXCESS_LUM_MINUS_PAV 0.0082587 COS_LUM_PAV 0.9994599
STATION MIREX-204 L 7 COS_BASE_LUM 0.9989314 COS_BASE_PAV 0.9992045 REL_BASE_LUM 0.04815 REL_BASE_PAV 0.0401211 EXCESS_LUM_MINUS_PAV 0.0080289 COS_LUM_PAV 0.9995901
STATION MIREX-204 L 8 COS_BASE_LUM 0.9978533 COS_BASE_PAV 0.9981486 REL_BASE_LUM 0.06649 REL_BASE_PAV 0.0608983 EXCESS_LUM_MINUS_PAV 0.0055917 COS_LUM_PAV 0.9996182
STATION MIREX-204 L 9 COS_BASE_LUM 0.9964896 COS_BASE_PAV 0.9967288 REL_BASE_LUM 0.0842573 REL_BASE_PAV 0.0808457 EXCESS_LUM_MINUS_PAV 0.0034116 COS_LUM_PAV 0.9997055
STATION MIREX-204 L 10 COS_BASE_LUM 0.9941674 COS_BASE_PAV 0.9941746 REL_BASE_LUM 0.1095073 REL_BASE_PAV 0.1098751 EXCESS_LUM_MINUS_PAV -0.0003678 COS_LUM_PAV 0.9995366
STATION MIREX-204 L 11 COS_BASE_LUM 0.9938468 COS_BASE_PAV 0.9941429 REL_BASE_LUM 0.1127433 REL_BASE_PAV 0.1096387 EXCESS_LUM_MINUS_PAV 0.0031046 COS_LUM_PAV 0.9993185
STATION MIREX-204 L 12 COS_BASE_LUM 0.9941511 COS_BASE_PAV 0.9947286 REL_BASE_LUM 0.1084793 REL_BASE_PAV 0.10274 EXCESS_LUM_MINUS_PAV 0.0057393 COS_LUM_PAV 0.9988719
STATION MIREX-204 L 13 COS_BASE_LUM 0.9933676 COS_BASE_PAV 0.9935135 REL_BASE_LUM 0.1149872 REL_BASE_PAV 0.1137653 EXCESS_LUM_MINUS_PAV 0.0012219 COS_LUM_PAV 0.9985515
STATION MIREX-204 L 14 COS_BASE_LUM 0.9922577 COS_BASE_PAV 0.9919165 REL_BASE_LUM 0.124239 REL_BASE_PAV 0.1269252 EXCESS_LUM_MINUS_PAV -0.0026862 COS_LUM_PAV 0.9985162
STATION MIREX-204 L 15 COS_BASE_LUM 0.9918075 COS_BASE_PAV 0.9911248 REL_BASE_LUM 0.1277967 REL_BASE_PAV 0.1330239 EXCESS_LUM_MINUS_PAV -0.0052272 COS_LUM_PAV 0.9985642
STATION MIREX-204 L 16 COS_BASE_LUM 0.9866045 COS_BASE_PAV 0.9862981 REL_BASE_LUM 0.1631339 REL_BASE_PAV 0.1649923 EXCESS_LUM_MINUS_PAV -0.0018585 COS_LUM_PAV 0.9986889
STATION MIREX-204 L 17 COS_BASE_LUM 0.986819 COS_BASE_PAV 0.9867027 REL_BASE_LUM 0.1623638 REL_BASE_PAV 0.1629514 EXCESS_LUM_MINUS_PAV -0.0005876 COS_LUM_PAV 0.99889
STATION MIREX-204 L 18 COS_BASE_LUM 0.9883667 COS_BASE_PAV 0.9880615 REL_BASE_LUM 0.1537809 REL_BASE_PAV 0.1561952 EXCESS_LUM_MINUS_PAV -0.0024143 COS_LUM_PAV 0.9988636
STATION MIREX-204 L 19 COS_BASE_LUM 0.9845213 COS_BASE_PAV 0.9831953 REL_BASE_LUM 0.1769993 REL_BASE_PAV 0.1834838 EXCESS_LUM_MINUS_PAV -0.0064845 COS_LUM_PAV 0.9976659
STATION MIREX-204 L 20 COS_BASE_LUM 0.9860593 COS_BASE_PAV 0.9849551 REL_BASE_LUM 0.1686411 REL_BASE_PAV 0.1743078 EXCESS_LUM_MINUS_PAV -0.0056668 COS_LUM_PAV 0.997718
STATION MIREX-204 L 21 COS_BASE_LUM 0.9876767 COS_BASE_PAV 0.9866305 REL_BASE_LUM 0.1600517 REL_BASE_PAV 0.1651664 EXCESS_LUM_MINUS_PAV -0.0051147 COS_LUM_PAV 0.9978861
STATION MIREX-204 L 22 COS_BASE_LUM 0.9903048 COS_BASE_PAV 0.9895157 REL_BASE_LUM 0.1438481 REL_BASE_PAV 0.1479656 EXCESS_LUM_MINUS_PAV -0.0041175 COS_LUM_PAV 0.998203
STATION MIREX-204 L 23 COS_BASE_LUM 0.9941128 COS_BASE_PAV 0.9938224 REL_BASE_LUM 0.1119203 REL_BASE_PAV 0.1131843 EXCESS_LUM_MINUS_PAV -0.0012639 COS_LUM_PAV 0.9988242
STATION MIREX-204 L 24 COS_BASE_LUM 0.9952903 COS_BASE_PAV 0.9950638 REL_BASE_LUM 0.0997932 REL_BASE_PAV 0.1017852 EXCESS_LUM_MINUS_PAV -0.0019919 COS_LUM_PAV 0.9986851
STATION MIREX-204 L 25 COS_BASE_LUM 0.9966276 COS_BASE_PAV 0.9965576 REL_BASE_LUM 0.0862215 REL_BASE_PAV 0.0851562 EXCESS_LUM_MINUS_PAV 0.0010653 COS_LUM_PAV 0.9989895
STATION MIREX-204 L 26 COS_BASE_LUM 0.9929442 COS_BASE_PAV 0.9933095 REL_BASE_LUM 0.1256474 REL_BASE_PAV 0.1155921 EXCESS_LUM_MINUS_PAV 0.0100552 COS_LUM_PAV 0.9976296
TOP_EXCESS_LAYERS MIREX-204 [(2, 0.0388), (3, 0.025805), (1, 0.017007), (4, 0.014376), (5, 0.01092), (26, 0.010055), (6, 0.008259), (7, 0.008029)]
MAX_REL_LUM_LAYER MIREX-204 19

[13/15] CONTROLLED INTERPRETATION / FIRST-TOKEN DISTRIBUTIONS
FIRST_TOKEN_TOP8 ZENTRA-865 BASE6 [("' The'", -0.035985), ("' HV'", -3.535985), ("' Access'", -5.785985), ("' BM'", -6.035985), ("' To'", -8.785985), ("' BV'", -9.035985), ("' HM'", -9.535985), ("' Part'", -9.785985)]
FIRST_TOKEN_TOP8 ZENTRA-865 LUMEX7 [("' The'", -0.022668), ("' HV'", -4.522668), ("' DX'", -5.772668), ("' Access'", -6.022668), ("' Part'", -6.272668), ("' DV'", -6.522668), ("' Z'", -7.022668), ("' To'", -7.522668)]
FIRST_TOKEN_TOP8 ZENTRA-865 PAVORA7 [("' The'", -0.134297), ("' HV'", -2.134297), ("' Access'", -5.634297), ("' Part'", -6.884297), ("' DV'", -7.134297), ("' To'", -7.384297), ("' Z'", -7.884297), ("' **'", -9.134297)]
FIRST_TOKEN_TOP8 MIREX-204 BASE6 [("' The'", -0.083455), ("' K'", -2.583455), ("' KM'", -6.833455), ("' Access'", -6.833455), ("' MI'", -7.583455), ("' KV'", -7.583455), ("' KD'", -8.333454), ("' To'", -8.333454)]
FIRST_TOKEN_TOP8 MIREX-204 LUMEX7 [("' The'", -0.088616), ("' K'", -2.588616), ("' MI'", -5.338615), ("' Access'", -7.088615), ("' To'", -7.338615), ("' KV'", -7.338615), ("' KM'", -7.588615), ("' Part'", -7.588615)]
FIRST_TOKEN_TOP8 MIREX-204 PAVORA7 [("' The'", -0.073623), ("' K'", -2.823623), ("' MI'", -5.573623), ("' KV'", -6.323623), ("' Access'", -6.823623), ("' KM'", -6.823623), ("' KD'", -7.323623), ("' To'", -7.323623)]
INTERPRETATION: QUERY LAST-TOKEN HIDDEN STATES ARE COMPARED AT DIFFERENT MEMORY POSITIONS; DIFFERENCES MIX CONTENT AND POSITION/LENGTH EFFECTS.
INTERPRETATION: LUMEX AND PAVORA HAVE EQUAL BODY TOKEN LENGTH; THIS MATCHED-LENGTH CONTROL REDUCES BUT DOES NOT ELIMINATE CONTENT/ROTARY CONFOUNDING.
INTERPRETATION: LAYERWISE DIVERGENCE IS CORRELATIONAL, NOT PROOF OF A CAUSAL FAILURE LAYER. NO HIDDEN STATES ARE INJECTED.
GATE THREE_STATE_PANEL_COMPLETE PASS
GATE ORIGINAL_ZENTRA_ERROR_REPRODUCED PASS
GATE LUMEX_CORRECT_CANDIDATE_VISIBLE PASS
GATE LAYER_TRACES_COMPLETE PASS

[14/15] INTEGRITY
GATE CACHE_VALID PASS
GATE HOOK_COUNTS PASS
GATE HOOKS_CLEAN PASS
GATE FINGERPRINT_UNCHANGED PASS
GATE WEIGHTS_FROZEN PASS
CUDA_ALLOCATED_GIB: 29.387 CUDA_PEAK_GIB: 29.959

[15/15] FINAL
GATE MODEL_FROZEN PASS
GATE PANEL_LOCK PASS
GATE WRITE_INDEPENDENT PASS
GATE INIT_EXACT_BOTH PASS
GATE APPEND_PRESERVED_ALL PASS
GATE PAVORA_CONTROL_PRESERVED PASS
GATE THREE_STATE_PANEL_COMPLETE PASS
GATE ORIGINAL_ZENTRA_ERROR_REPRODUCED PASS
GATE LUMEX_CORRECT_CANDIDATE_VISIBLE PASS
GATE LAYER_TRACES_COMPLETE PASS
GATE CACHE_VALID PASS
GATE HOOK_COUNTS PASS
GATE HOOKS_CLEAN PASS
GATE FINGERPRINT_UNCHANGED PASS
GATE WEIGHTS_FROZEN PASS
INFRASTRUCTURE_STATUS: PASS
ERROR_REPRODUCTION_STATUS: PASS
STATUS: PASS — LAYERWISE DIAGNOSTIC COMPLETE
ENGINE: TEST592 / TEST588 CUT3 WRITE/INIT/APPEND UNCHANGED
GOLD_CANDIDATE_INJECTION: NO
FORCED_FIRST_TOKEN: NO
SOURCE_REPLAY_DURING_APPEND_OR_ASK: NO
COMPRESSION: NOT YET
QUERY_TRACES: 6 LAYER_OBSERVATIONS: 162 READOUTS: 6
ELAPSED_SECONDS: 149.9


=================================================================================================================================================
