 
================================================================================================================================================= 
TEST595 — AKBASCORE MAM · GOLD-BLIND MULTI-PROMPT CONSENSUS READOUT
=================================================================================================================================================
GPU: NVIDIA A100-SXM4-40GB TORCH: 2.11.0+cu130 TRANSFORMERS: 5.18.0

[1/15] MODEL / PINNED BASELINE
MODEL_REUSED: NO — LOADING PINNED BASELINE

Warning: You are sending unauthenticated requests to the HF Hub. Please set a HF_TOKEN to enable higher rate limits and faster downloads.
WARNING:huggingface_hub.utils._http:Warning: You are sending unauthenticated requests to the HF Hub. Please set a HF_TOKEN to enable higher rate limits and faster downloads.

config.json: 100%

 1.52k/1.52k [00:00<00:00, 187kB/s]
model.safetensors.index.json: 100%

 480k/480k [00:00<00:00, 47.5MB/s]
Download complete: 

 27.4GB, 91.5MB/s  
Reconstruction complete: 100%

 31.4GB / 31.4GB,  433MB/s  
Fetching 4 files: 100%

 4/4 [01:25<00:00, 85.49s/it]
Loading weights: 100%

 351/351 [00:08<00:00, 41.73it/s]
generation_config.json: 100%

 181/181 [00:00<00:00, 22.5kB/s]
tokenizer_config.json: 100%

 1.28k/1.28k [00:00<00:00, 157kB/s]
tokenizer.json: 100%

 4.61M/4.61M [00:00<00:00, 55.4MB/s]
GATE MODEL_FROZEN PASS
PARAMETERS: 15706484224 TRAINABLE: 0

[2/15] CANONICAL PANEL
GATE PANEL_LOCK PASS
PREFIX_TOKENS: 31 BODY_LENGTHS: [24, 24, 24, 23, 23, 23, 23, 23] CUT: 3

[3/15] MLA ROTARY TRANSPORT

[4/15] EIGHT INDEPENDENT WRITES
GATE WRITE_INDEPENDENT PASS
WRITE_LENGTHS: [55, 55, 55, 54, 54, 54, 54, 54]

[5/15] INIT — TEST588 ENGINE

[6/15] APPEND — TEST588 ENGINE

[7/15] TWO ORDERS / EIGHT STAGES
ORDER (0, 1, 2, 3, 4, 5, 6, 7) LENGTHS [55, 79, 103, 126, 149, 172, 195, 218] INIT_DELTA 0.0 APPEND_CALLS [1, 1, 1, 1, 1, 1, 1] PRESERVED [True, True, True, True, True, True, True]
ORDER (7, 6, 5, 4, 3, 2, 1, 0) LENGTHS [54, 77, 100, 123, 146, 170, 194, 218] INIT_DELTA 0.0 APPEND_CALLS [1, 1, 1, 1, 1, 1, 1] PRESERVED [True, True, True, True, True, True, True]
GATE INIT_EXACT_BOTH PASS
GATE APPEND_PRESERVED_ALL PASS

[8/15] JOINT REFERENCES

[9/15] GREEDY / COMPLETED BEAM READOUT
BEAM_WIDTH: 4 BEAM_STEPS: 48 COMPLETED_ONLY: YES GOLD_INJECTION: NO

[10/15] FROZEN, GOLD-BLIND READOUT POLICY
POLICY: TWO INDEPENDENT GREEDY QUERIES MUST AGREE TO OVERRIDE COMPLETED-BEAM BASELINE
GOLD-AWARE READOUT: NO; FORCED TOKENS: NO; SOURCE REPLAY: NO

[11/15] ALL INCREMENTAL STAGES — TWO ORDERS / 72 QUERIES
ORDER (0, 1, 2, 3, 4, 5, 6, 7) STAGE 1 BASELINE 1 / 1 CONSENSUS 1 / 1 OVERRIDES 0
ORDER (0, 1, 2, 3, 4, 5, 6, 7) STAGE 2 BASELINE 2 / 2 CONSENSUS 2 / 2 OVERRIDES 0
ORDER (0, 1, 2, 3, 4, 5, 6, 7) STAGE 3 BASELINE 3 / 3 CONSENSUS 3 / 3 OVERRIDES 0
ORDER (0, 1, 2, 3, 4, 5, 6, 7) STAGE 4 BASELINE 4 / 4 CONSENSUS 4 / 4 OVERRIDES 0
ORDER (0, 1, 2, 3, 4, 5, 6, 7) STAGE 5 BASELINE 5 / 5 CONSENSUS 5 / 5 OVERRIDES 0
ORDER (0, 1, 2, 3, 4, 5, 6, 7) STAGE 6 BASELINE 6 / 6 CONSENSUS 6 / 6 OVERRIDES 0
 DETAIL ORDER (0, 1, 2, 3, 4, 5, 6, 7) STAGE 7 STATION ZENTRA-865 GOLD HV-2064 BASE RP-6402 CONSENSUS RP-6402 OVERRIDE False EVIDENCE [(1, None, 'Part #1: Identify the fictional station.\nUsage: ZENTRA-865 is the fictional station.'), (2, 'FS-5817', 'FS-5817')]
ORDER (0, 1, 2, 3, 4, 5, 6, 7) STAGE 7 BASELINE 6 / 7 CONSENSUS 6 / 7 OVERRIDES 0
ORDER (0, 1, 2, 3, 4, 5, 6, 7) STAGE 8 BASELINE 8 / 8 CONSENSUS 8 / 8 OVERRIDES 0
ORDER (7, 6, 5, 4, 3, 2, 1, 0) STAGE 1 BASELINE 1 / 1 CONSENSUS 1 / 1 OVERRIDES 0
ORDER (7, 6, 5, 4, 3, 2, 1, 0) STAGE 2 BASELINE 2 / 2 CONSENSUS 2 / 2 OVERRIDES 0
ORDER (7, 6, 5, 4, 3, 2, 1, 0) STAGE 3 BASELINE 3 / 3 CONSENSUS 3 / 3 OVERRIDES 0
ORDER (7, 6, 5, 4, 3, 2, 1, 0) STAGE 4 BASELINE 4 / 4 CONSENSUS 4 / 4 OVERRIDES 0
ORDER (7, 6, 5, 4, 3, 2, 1, 0) STAGE 5 BASELINE 5 / 5 CONSENSUS 5 / 5 OVERRIDES 0
ORDER (7, 6, 5, 4, 3, 2, 1, 0) STAGE 6 BASELINE 6 / 6 CONSENSUS 6 / 6 OVERRIDES 0
ORDER (7, 6, 5, 4, 3, 2, 1, 0) STAGE 7 BASELINE 7 / 7 CONSENSUS 7 / 7 OVERRIDES 0
ORDER (7, 6, 5, 4, 3, 2, 1, 0) STAGE 8 BASELINE 8 / 8 CONSENSUS 8 / 8 OVERRIDES 0

[12/15] FINAL JOINT / APPEND / FIRST CONTROL — 16 QUESTIONS PER ARM
 DETAIL ARM joint ORDER (7, 6, 5, 4, 3, 2, 1, 0) STATION MIREX-204 GOLD KT-9173 BASE BM-7391 CONSENSUS BM-7391 OVERRIDE False EVIDENCE [(1, 'QN-4826'), (2, 'KT-9173')]
ARM joint BASELINE 15 /16 CONSENSUS 15 /16 OVERRIDES 0
 DETAIL ARM first ORDER (0, 1, 2, 3, 4, 5, 6, 7) STATION MIREX-204 GOLD KT-9173 BASE QN-4826 CONSENSUS QN-4826 OVERRIDE False EVIDENCE [(1, None), (2, 'QN-4826')]
 DETAIL ARM first ORDER (0, 1, 2, 3, 4, 5, 6, 7) STATION TALVEX-583 GOLD RP-6402 BASE QN-4826 CONSENSUS QN-4826 OVERRIDE False EVIDENCE [(1, 'QN-4826'), (2, 'QN-4826')]
 DETAIL ARM first ORDER (0, 1, 2, 3, 4, 5, 6, 7) STATION NORVIA-926 GOLD DX-1857 BASE QN-4826 CONSENSUS QN-4826 OVERRIDE False EVIDENCE [(1, 'QN-4826'), (2, 'QN-4826')]
 DETAIL ARM first ORDER (0, 1, 2, 3, 4, 5, 6, 7) STATION CALDOR-417 GOLD BM-7391 BASE QN-4826 CONSENSUS QN-4826 OVERRIDE False EVIDENCE [(1, None), (2, 'QN-4826')]
 DETAIL ARM first ORDER (0, 1, 2, 3, 4, 5, 6, 7) STATION ZENTRA-865 GOLD HV-2064 BASE QN-4826 CONSENSUS QN-4826 OVERRIDE False EVIDENCE [(1, 'QN-4826'), (2, 'QN-4826')]
 DETAIL ARM first ORDER (0, 1, 2, 3, 4, 5, 6, 7) STATION LUMEX-392 GOLD FS-5817 BASE QN-4826 CONSENSUS QN-4826 OVERRIDE False EVIDENCE [(1, None), (2, 'QN-4826')]
 DETAIL ARM first ORDER (0, 1, 2, 3, 4, 5, 6, 7) STATION PAVORA-648 GOLD WC-9432 BASE QN-4826 CONSENSUS QN-4826 OVERRIDE False EVIDENCE [(1, None), (2, 'QN-4826')]
 DETAIL ARM first ORDER (7, 6, 5, 4, 3, 2, 1, 0) STATION VELORA-731 GOLD QN-4826 BASE WC-9432 CONSENSUS WC-9432 OVERRIDE False EVIDENCE [(1, None), (2, 'WC-9432')]
 DETAIL ARM first ORDER (7, 6, 5, 4, 3, 2, 1, 0) STATION MIREX-204 GOLD KT-9173 BASE WC-9432 CONSENSUS WC-9432 OVERRIDE False EVIDENCE [(1, None), (2, 'WC-9432')]
 DETAIL ARM first ORDER (7, 6, 5, 4, 3, 2, 1, 0) STATION TALVEX-583 GOLD RP-6402 BASE WC-9432 CONSENSUS WC-9432 OVERRIDE False EVIDENCE [(1, None), (2, 'WC-1234')]
 DETAIL ARM first ORDER (7, 6, 5, 4, 3, 2, 1, 0) STATION NORVIA-926 GOLD DX-1857 BASE WC-9432 CONSENSUS WC-9432 OVERRIDE False EVIDENCE [(1, None), (2, 'WC-1024')]
 DETAIL ARM first ORDER (7, 6, 5, 4, 3, 2, 1, 0) STATION CALDOR-417 GOLD BM-7391 BASE WC-9432 CONSENSUS WC-9432 OVERRIDE False EVIDENCE [(1, None), (2, 'WC-9432')]
 DETAIL ARM first ORDER (7, 6, 5, 4, 3, 2, 1, 0) STATION ZENTRA-865 GOLD HV-2064 BASE WC-9432 CONSENSUS WC-9432 OVERRIDE False EVIDENCE [(1, None), (2, 'WC-9432')]
 DETAIL ARM first ORDER (7, 6, 5, 4, 3, 2, 1, 0) STATION LUMEX-392 GOLD FS-5817 BASE WC-9432 CONSENSUS WC-9432 OVERRIDE False EVIDENCE [(1, None), (2, 'WC-9432')]
ARM first BASELINE 2 /16 CONSENSUS 2 /16 OVERRIDES 0
ARM append BASELINE 16 /16 CONSENSUS 16 /16 OVERRIDES 0

[13/15] STRICT BEHAVIOR GATES — NO POST-HOC GOLD SELECTION
INCREMENTAL_BASELINE 71 /72 INCREMENTAL_NEW 71 /72
FINAL_APPEND_BASELINE 16 /16 FINAL_APPEND_NEW 16 /16
FINAL_JOINT_BASELINE 15 /16 FINAL_JOINT_NEW 15 /16
ZENTRA_STAGE7 {'station': 'ZENTRA-865', 'gold': 'HV-2064', 'baseline': 'RP-6402', 'selected': 'RP-6402', 'baseline_exact': False, 'exact': False, 'evidence': [{'variant': 1, 'text': 'Part #1: Identify the fictional station.\nUsage: ZENTRA-865 is the fictional station.', 'code': None}, {'variant': 2, 'text': 'FS-5817', 'code': 'FS-5817'}], 'override': False, 'greedy': 'The access code for the fictional station ZENTRA-865 is RP-6402.', 'wrong_greedy': True}
GATE PANEL_COMPLETE PASS
GATE BASELINE_STAGE7_REPRODUCED PASS
GATE STAGE7_ZENTRA_FIXED FAIL
GATE INCREMENTAL_72_EXACT FAIL
GATE FINAL_APPEND_16_EXACT PASS
GATE JOINT_REFERENCE_16_EXACT FAIL
GATE NO_REGRESSION_VS_BASELINE PASS

[14/15] INTEGRITY
GATE CACHE_VALID PASS
GATE HOOK_COUNTS PASS
GATE HOOKS_CLEAN PASS
GATE FINGERPRINT_UNCHANGED PASS
GATE WEIGHTS_FROZEN PASS
CUDA_ALLOCATED_GIB: 29.373 CUDA_PEAK_GIB: 29.962

[15/15] FINAL
GATE MODEL_FROZEN PASS
GATE PANEL_LOCK PASS
GATE WRITE_INDEPENDENT PASS
GATE INIT_EXACT_BOTH PASS
GATE APPEND_PRESERVED_ALL PASS
GATE PANEL_COMPLETE PASS
GATE BASELINE_STAGE7_REPRODUCED PASS
GATE STAGE7_ZENTRA_FIXED FAIL
GATE INCREMENTAL_72_EXACT FAIL
GATE FINAL_APPEND_16_EXACT PASS
GATE JOINT_REFERENCE_16_EXACT FAIL
GATE NO_REGRESSION_VS_BASELINE PASS
GATE CACHE_VALID PASS
GATE HOOK_COUNTS PASS
GATE HOOKS_CLEAN PASS
GATE FINGERPRINT_UNCHANGED PASS
GATE WEIGHTS_FROZEN PASS
INFRASTRUCTURE_STATUS: PASS
STRICT_BEHAVIOR_STATUS: FAIL
STATUS: DIAGNOSTIC COMPLETE — CORRECTION NOT VERIFIED
ENGINE: TEST594 / TEST588 CUT3 WRITE/INIT/APPEND UNCHANGED
GOLD_CANDIDATE_INJECTION: NO
FORCED_FIRST_TOKEN: NO
SOURCE_REPLAY_DURING_APPEND_OR_ASK: NO
COMPRESSION: NOT YET
INCREMENTAL_READOUTS: 72 CONTROL_READOUTS: 48 PROMPT_VARIANTS_PER_READOUT: 3
ELAPSED_SECONDS: 1158.9


=================================================================================================================================================
